 win32_handmade

 Timestamp is 62ba7a72 (Mon Jun 27 17:50:10 2022)

 Preferred load address is 0000000140000000

 Start         Length     Name                   Class
 0001:00000000 00012e90H .text$mn                CODE
 0001:00012e90 00000040H .text$mn$00             CODE
 0001:00012ed0 00000290H .text$x                 CODE
 0002:00000000 000002d0H .idata$5                DATA
 0002:000002d0 00000030H .00cfg                  DATA
 0002:00000300 00000008H .CRT$XCA                DATA
 0002:00000308 00000008H .CRT$XCAA               DATA
 0002:00000310 00000008H .CRT$XCZ                DATA
 0002:00000318 00000008H .CRT$XIA                DATA
 0002:00000320 00000008H .CRT$XIAA               DATA
 0002:00000328 00000008H .CRT$XIAC               DATA
 0002:00000330 00000020H .CRT$XIC                DATA
 0002:00000350 00000008H .CRT$XIZ                DATA
 0002:00000358 00000008H .CRT$XPA                DATA
 0002:00000360 00000010H .CRT$XPX                DATA
 0002:00000370 00000008H .CRT$XPXA               DATA
 0002:00000378 00000008H .CRT$XPZ                DATA
 0002:00000380 00000008H .CRT$XTA                DATA
 0002:00000388 00000008H .CRT$XTZ                DATA
 0002:00000390 00000000H .gehcont$y              DATA
 0002:00000390 00000000H .gfids$y                DATA
 0002:00000390 000087f0H .rdata                  DATA
 0002:00008b80 00000000H .rdata$CastGuardVftablesA DATA
 0002:00008b80 00000000H .rdata$CastGuardVftablesC DATA
 0002:00008b80 00000000H .rdata$r                DATA
 0002:00008b80 00000040H .rdata$voltmd           DATA
 0002:00008bc0 000002f8H .rdata$zzzdbg           DATA
 0002:00008eb8 00000008H .rtc$IAA                DATA
 0002:00008ec0 00000008H .rtc$IZZ                DATA
 0002:00008ec8 00000008H .rtc$TAA                DATA
 0002:00008ed0 00000008H .rtc$TZZ                DATA
 0002:00008ed8 00000db0H .xdata                  DATA
 0002:00009c88 00000000H .xdata$x                DATA
 0002:00009c88 00000000H .edata                  DATA
 0002:00009c88 00000050H .idata$2                DATA
 0002:00009cd8 00000018H .idata$3                DATA
 0002:00009cf0 000002d0H .idata$4                DATA
 0002:00009fc0 00000644H .idata$6                DATA
 0003:00000000 00000a20H .data                   DATA
 0003:00000a20 00000000H .data$r                 DATA
 0003:00000a20 00000000H .data$rs                DATA
 0003:00000a20 00001248H .bss                    DATA
 0004:00000000 00001098H .pdata                  DATA
 0005:00000000 000000fcH _RDATA                  DATA

  Address         Publics by Value              Rva+Base               Lib:Object

 0000:00000000       __guard_longjmp_table      0000000000000000     <absolute>
 0000:00000000       ___safe_se_handler_table   0000000000000000     <absolute>
 0000:00000000       __x64_code_ranges_to_entry_points_count 0000000000000000     <absolute>
 0000:00000000       __guard_fids_count         0000000000000000     <absolute>
 0000:00000000       __arm64x_redirection_metadata 0000000000000000     <absolute>
 0000:00000000       __arm64x_extra_rfe_table   0000000000000000     <absolute>
 0000:00000000       __guard_iat_table          0000000000000000     <absolute>
 0000:00000000       __hybrid_code_map          0000000000000000     <absolute>
 0000:00000000       __arm64x_extra_rfe_table_size 0000000000000000     <absolute>
 0000:00000000       __guard_iat_count          0000000000000000     <absolute>
 0000:00000000       __guard_longjmp_count      0000000000000000     <absolute>
 0000:00000000       ___safe_se_handler_count   0000000000000000     <absolute>
 0000:00000000       __x64_code_ranges_to_entry_points 0000000000000000     <absolute>
 0000:00000000       __dynamic_value_reloc_table 0000000000000000     <absolute>
 0000:00000000       __hybrid_auxiliary_iat     0000000000000000     <absolute>
 0000:00000000       __hybrid_auxiliary_iat_copy 0000000000000000     <absolute>
 0000:00000000       __AbsoluteZero             0000000000000000     <absolute>
 0000:00000000       __guard_eh_cont_count      0000000000000000     <absolute>
 0000:00000000       __guard_check_icall_a64n_fptr 0000000000000000     <absolute>
 0000:00000000       __guard_fids_table         0000000000000000     <absolute>
 0000:00000000       __arm64x_redirection_metadata_count 0000000000000000     <absolute>
 0000:00000000       __enclave_config           0000000000000000     <absolute>
 0000:00000000       __guard_eh_cont_table      0000000000000000     <absolute>
 0000:00000000       __arm64x_native_entrypoint 0000000000000000     <absolute>
 0000:00000000       __hybrid_code_map_count    0000000000000000     <absolute>
 0000:00000100       __guard_flags              0000000000000100     <absolute>
 0000:00000000       __ImageBase                0000000140000000     <linker-defined>
 0001:00000000       WinMain                    0000000140001000 f   win32_handmade.obj
 0001:000015d0       ?XInputGetStateStub@@YAKKPEAU_XINPUT_STATE@@@Z 00000001400025d0 f   win32_handmade.obj
 0001:000015f0       ?XInputSetStateStub@@YAKKPEAU_XINPUT_VIBRATION@@@Z 00000001400025f0 f   win32_handmade.obj
 0001:000023f0       ??$_snprintf_s@$0BAA@@@YAHAEAY0BAA@D_KPEBDZZ 00000001400033f0 f i win32_handmade.obj
 0001:00002440       ?GetController@@YAPEAUgame_controller_input@@PEAUgame_input@@I@Z 0000000140003440 f i win32_handmade.obj
 0001:00002490       ?SafeTruncateUInt64@@YAI_K@Z 0000000140003490 f i win32_handmade.obj
 0001:000024c0       ?Win32GetSecondsElapsed@@YAMT_LARGE_INTEGER@@0@Z 00000001400034c0 f i win32_handmade.obj
 0001:00002500       ?Win32GetWallClock@@YA?AT_LARGE_INTEGER@@XZ 0000000140003500 f i win32_handmade.obj
 0001:00002520       __local_stdio_printf_options 0000000140003520 f i win32_handmade.obj
 0001:00002530       _vsnprintf_s               0000000140003530 f i win32_handmade.obj
 0001:00002580       _vsnprintf_s_l             0000000140003580 f i win32_handmade.obj
 0001:00002600       __GSHandlerCheck           0000000140003600 f   LIBCMT:gshandler.obj
 0001:00002620       __GSHandlerCheckCommon     0000000140003620 f   LIBCMT:gshandler.obj
 0001:00002690       __security_check_cookie    0000000140003690 f   LIBCMT:amdsecgs.obj
 0001:00002908       WinMainCRTStartup          0000000140003908 f   LIBCMT:exe_winmain.obj
 0001:0000291c       __raise_securityfailure    000000014000391c f   LIBCMT:gs_report.obj
 0001:00002950       __report_gsfailure         0000000140003950 f   LIBCMT:gs_report.obj
 0001:00002a24       __report_rangecheckfailure 0000000140003a24 f   LIBCMT:gs_report.obj
 0001:00002a38       __report_securityfailure   0000000140003a38 f   LIBCMT:gs_report.obj
 0001:00002bb8       __scrt_acquire_startup_lock 0000000140003bb8 f   LIBCMT:utility.obj
 0001:00002bf4       __scrt_initialize_crt      0000000140003bf4 f   LIBCMT:utility.obj
 0001:00002c40       __scrt_initialize_onexit_tables 0000000140003c40 f   LIBCMT:utility.obj
 0001:00002ccc       __scrt_is_nonwritable_in_current_image 0000000140003ccc f   LIBCMT:utility.obj
 0001:00002d64       __scrt_release_startup_lock 0000000140003d64 f   LIBCMT:utility.obj
 0001:00002d88       __scrt_uninitialize_crt    0000000140003d88 f   LIBCMT:utility.obj
 0001:00002db4       _onexit                    0000000140003db4 f   LIBCMT:utility.obj
 0001:00002df0       atexit                     0000000140003df0 f   LIBCMT:utility.obj
 0001:00002e08       __security_init_cookie     0000000140003e08 f   LIBCMT:gs_support.obj
 0001:00002eb4       _matherr                   0000000140003eb4 f   LIBCMT:matherr.obj
 0001:00002eb4       _get_startup_thread_locale_mode 0000000140003eb4 f   LIBCMT:thread_locale.obj
 0001:00002eb4       __scrt_stub_for_initialize_mta 0000000140003eb4 f   LIBCMT:utility_desktop.obj
 0001:00002eb4       __scrt_initialize_winrt    0000000140003eb4 f   LIBCMT:utility_desktop.obj
 0001:00002eb4       _get_startup_new_mode      0000000140003eb4 f   LIBCMT:new_mode.obj
 0001:00002eb4       __scrt_exe_initialize_mta  0000000140003eb4 f   LIBCMT:utility_desktop.obj
 0001:00002eb4       _get_startup_commit_mode   0000000140003eb4 f   LIBCMT:commit_mode.obj
 0001:00002eb8       _get_startup_argv_mode     0000000140003eb8 f   LIBCMT:argv_mode.obj
 0001:00002ec0       _get_startup_file_mode     0000000140003ec0 f   LIBCMT:file_mode.obj
 0001:00002ec8       ?__scrt_initialize_type_info@@YAXXZ 0000000140003ec8 f   LIBCMT:tncleanup.obj
 0001:00002ed8       __acrt_uninitialize_command_line 0000000140003ed8 f   libucrt:argv_data.obj
 0001:00002ed8       _should_initialize_environment 0000000140003ed8 f   LIBCMT:env_mode.obj
 0001:00002edc       _initialize_denormal_control 0000000140003edc f   LIBCMT:denormal_control.obj
 0001:00002edc       _initialize_invalid_parameter_handler 0000000140003edc f   LIBCMT:invalid_parameter_handler.obj
 0001:00002edc       _guard_check_icall_nop     0000000140003edc f   LIBCMT:guard_support.obj
 0001:00002ee0       __local_stdio_scanf_options 0000000140003ee0 f i LIBCMT:default_local_stdio_options.obj
 0001:00002ee8       __scrt_initialize_default_local_stdio_options 0000000140003ee8 f   LIBCMT:default_local_stdio_options.obj
 0001:00002f04       __scrt_is_user_matherr_present 0000000140003f04 f   LIBCMT:matherr_detection.obj
 0001:00002f10       __scrt_get_dyn_tls_init_callback 0000000140003f10 f   LIBCMT:dyn_tls_init.obj
 0001:00002f18       __scrt_get_dyn_tls_dtor_callback 0000000140003f18 f   LIBCMT:dyn_tls_dtor.obj
 0001:00002f20       __crt_debugger_hook        0000000140003f20 f   LIBCMT:utility_desktop.obj
 0001:00002f28       __scrt_fastfail            0000000140003f28 f   LIBCMT:utility_desktop.obj
 0001:00003074       __scrt_get_show_window_mode 0000000140004074 f   LIBCMT:utility_desktop.obj
 0001:000030b0       __scrt_initialize_mta      00000001400040b0 f   LIBCMT:utility_desktop.obj
 0001:000030b8       __scrt_is_managed_app      00000001400040b8 f   LIBCMT:utility_desktop.obj
 0001:0000310c       __scrt_set_unhandled_exception_filter 000000014000410c f   LIBCMT:utility_desktop.obj
 0001:0000311c       __scrt_unhandled_exception_filter 000000014000411c f   LIBCMT:utility_desktop.obj
 0001:00003178       _RTC_Initialize            0000000140004178 f   LIBCMT:initsect.obj
 0001:000031b4       _RTC_Terminate             00000001400041b4 f   LIBCMT:initsect.obj
 0001:000031f0       __isa_available_init       00000001400041f0 f   LIBCMT:cpu_disp.obj
 0001:00003394       __scrt_is_ucrt_dll_in_use  0000000140004394 f   LIBCMT:ucrt_detection.obj
 0001:000033a0       __C_specific_handler       00000001400043a0 f   libvcruntime:riscchandler.obj
 0001:00003598       __vcrt_initialize          0000000140004598 f   libvcruntime:initialization.obj
 0001:000035c0       __vcrt_uninitialize        00000001400045c0 f   libvcruntime:initialization.obj
 0001:000035dc       __DestructExceptionObject  00000001400045dc f   libvcruntime:ehhelpers.obj
 0001:0000364c       ?_CallMemberFunction0@@YAXQEAX0@Z 000000014000464c f i libvcruntime:ehhelpers.obj
 0001:00003650       __current_exception        0000000140004650 f   libvcruntime:ehhelpers.obj
 0001:00003664       __current_exception_context 0000000140004664 f   libvcruntime:ehhelpers.obj
 0001:00003690       memset_repmovs             0000000140004690 f   libvcruntime:memset.obj
 0001:000036b0       memset                     00000001400046b0 f   libvcruntime:memset.obj
 0001:00003850       _NLG_Notify                0000000140004850 f   libvcruntime:notify.obj
 0001:00003870       __NLG_Dispatch2            0000000140004870 f   libvcruntime:notify.obj
 0001:00003880       __NLG_Return2              0000000140004880 f   libvcruntime:notify.obj
 0001:00003884       __except_validate_context_record 0000000140004884 f   libvcruntime:jbcxrval.obj
 0001:000038bc       __vcrt_freefls             00000001400048bc f   libvcruntime:per_thread_data.obj
 0001:000038dc       __vcrt_getptd              00000001400048dc f   libvcruntime:per_thread_data.obj
 0001:000038f8       __vcrt_getptd_noexit       00000001400048f8 f   libvcruntime:per_thread_data.obj
 0001:000039b8       __vcrt_initialize_ptd      00000001400049b8 f   libvcruntime:per_thread_data.obj
 0001:00003a00       __vcrt_uninitialize_ptd    0000000140004a00 f   libvcruntime:per_thread_data.obj
 0001:00003a24       __vcrt_initialize_locks    0000000140004a24 f   libvcruntime:locks.obj
 0001:00003a6c       __vcrt_uninitialize_locks  0000000140004a6c f   libvcruntime:locks.obj
 0001:00003bf4       __vcrt_FlsAlloc            0000000140004bf4 f   libvcruntime:winapi_downlevel.obj
 0001:00003c3c       __vcrt_FlsFree             0000000140004c3c f   libvcruntime:winapi_downlevel.obj
 0001:00003c84       __vcrt_FlsGetValue         0000000140004c84 f   libvcruntime:winapi_downlevel.obj
 0001:00003ccc       __vcrt_FlsSetValue         0000000140004ccc f   libvcruntime:winapi_downlevel.obj
 0001:00003d20       __vcrt_InitializeCriticalSectionEx 0000000140004d20 f   libvcruntime:winapi_downlevel.obj
 0001:00003da0       memcpy_repmovs             0000000140004da0 f   libvcruntime:memcpy.obj
 0001:00003dc0       memcpy                     0000000140004dc0 f   libvcruntime:memcpy.obj
 0001:00003dc0       memmove                    0000000140004dc0 f   libvcruntime:memcpy.obj
 0001:00004450       _CallSettingFrame          0000000140005450 f   libvcruntime:handlers.obj
 0001:000044a0       _CallSettingFrame_LookupContinuationIndex 00000001400054a0 f   libvcruntime:handlers.obj
 0001:000044d0       _CallSettingFrame_NotifyContinuationAddr 00000001400054d0 f   libvcruntime:handlers.obj
 0001:00004500       _CallSettingFrameEncoded   0000000140005500 f   libvcruntime:handlers.obj
 0001:00004714       ??$ensure_buffer_is_big_enough@D@formatting_buffer@__crt_stdio_output@@QEAA_N_K@Z 0000000140005714 f i libucrt:output.obj
 0001:000047bc       ??$type_case_integer_parse_into_buffer@I@?$output_processor@DV?$string_output_adapter@D@__crt_stdio_output@@V?$format_validation_base@DV?$string_output_adapter@D@__crt_stdio_output@@@2@@__crt_stdio_output@@AEAAXII_N@Z 00000001400057bc f i libucrt:output.obj
 0001:00004844       ??$type_case_integer_parse_into_buffer@_K@?$output_processor@DV?$string_output_adapter@D@__crt_stdio_output@@V?$format_validation_base@DV?$string_output_adapter@D@__crt_stdio_output@@@2@@__crt_stdio_output@@AEAAX_KI_N@Z 0000000140005844 f i libucrt:output.obj
 0001:000048d4       ??$write_multiple_characters@V?$string_output_adapter@D@__crt_stdio_output@@D@__crt_stdio_output@@YAXAEBV?$string_output_adapter@D@0@DHQEAH@Z 00000001400058d4 f i libucrt:output.obj
 0001:0000494c       ??0_LocaleUpdate@@QEAA@QEAU__crt_locale_pointers@@@Z 000000014000594c f i libucrt:output.obj
 0001:000049f0       ?crop_zeroes@__crt_stdio_output@@YAXPEADQEAU__crt_locale_pointers@@@Z 00000001400059f0 f i libucrt:output.obj
 0001:00004a90       ?force_decimal_point@__crt_stdio_output@@YAXPEADQEAU__crt_locale_pointers@@@Z 0000000140005a90 f i libucrt:output.obj
 0001:00004b08       ?parse_int_from_format_string@?$output_processor@DV?$string_output_adapter@D@__crt_stdio_output@@V?$format_validation_base@DV?$string_output_adapter@D@__crt_stdio_output@@@2@@__crt_stdio_output@@AEAA_NQEAH@Z 0000000140005b08 f i libucrt:output.obj
 0001:00004bac       ?process@?$output_processor@DV?$string_output_adapter@D@__crt_stdio_output@@V?$format_validation_base@DV?$string_output_adapter@D@__crt_stdio_output@@@2@@__crt_stdio_output@@QEAAHXZ 0000000140005bac f i libucrt:output.obj
 0001:00004dc0       ?state_case_normal@?$output_processor@DV?$string_output_adapter@D@__crt_stdio_output@@V?$format_validation_base@DV?$string_output_adapter@D@__crt_stdio_output@@@2@@__crt_stdio_output@@AEAA_NXZ 0000000140005dc0 f i libucrt:output.obj
 0001:00004e34       ?state_case_normal_tchar@?$output_processor@DV?$string_output_adapter@D@__crt_stdio_output@@V?$format_validation_base@DV?$string_output_adapter@D@__crt_stdio_output@@@2@@__crt_stdio_output@@AEAA_ND@Z 0000000140005e34 f i libucrt:output.obj
 0001:00004edc       ?state_case_size@?$output_processor@DV?$string_output_adapter@D@__crt_stdio_output@@V?$format_validation_base@DV?$string_output_adapter@D@__crt_stdio_output@@@2@@__crt_stdio_output@@AEAA_NXZ 0000000140005edc f i libucrt:output.obj
 0001:0000504c       ?state_case_type@?$output_processor@DV?$string_output_adapter@D@__crt_stdio_output@@V?$format_validation_base@DV?$string_output_adapter@D@__crt_stdio_output@@@2@@__crt_stdio_output@@AEAA_NXZ 000000014000604c f i libucrt:output.obj
 0001:000052c0       ?to_integer_size@__crt_stdio_output@@YA_KW4length_modifier@1@@Z 00000001400062c0 f i libucrt:output.obj
 0001:00005328       ?type_case_Z@?$output_processor@DV?$string_output_adapter@D@__crt_stdio_output@@V?$format_validation_base@DV?$string_output_adapter@D@__crt_stdio_output@@@2@@__crt_stdio_output@@AEAA_NXZ 0000000140006328 f i libucrt:output.obj
 0001:0000539c       ?type_case_a@?$output_processor@DV?$string_output_adapter@D@__crt_stdio_output@@V?$format_validation_base@DV?$string_output_adapter@D@__crt_stdio_output@@@2@@__crt_stdio_output@@AEAA_NXZ 000000014000639c f i libucrt:output.obj
 0001:00005558       ?type_case_c_tchar@?$output_processor@DV?$string_output_adapter@D@__crt_stdio_output@@V?$format_validation_base@DV?$string_output_adapter@D@__crt_stdio_output@@@2@@__crt_stdio_output@@AEAA_ND@Z 0000000140006558 f i libucrt:output.obj
 0001:00005620       ?type_case_integer@?$output_processor@DV?$string_output_adapter@D@__crt_stdio_output@@V?$format_validation_base@DV?$string_output_adapter@D@__crt_stdio_output@@@2@@__crt_stdio_output@@AEAA_NI_N@Z 0000000140006620 f i libucrt:output.obj
 0001:000057a0       ?type_case_n@?$output_processor@DV?$string_output_adapter@D@__crt_stdio_output@@V?$format_validation_base@DV?$string_output_adapter@D@__crt_stdio_output@@@2@@__crt_stdio_output@@AEAA_NXZ 00000001400067a0 f i libucrt:output.obj
 0001:00005828       ?type_case_s@?$output_processor@DV?$string_output_adapter@D@__crt_stdio_output@@V?$format_validation_base@DV?$string_output_adapter@D@__crt_stdio_output@@@2@@__crt_stdio_output@@AEAA_NXZ 0000000140006828 f i libucrt:output.obj
 0001:000058c0       ?write_stored_string_tchar@?$output_processor@DV?$string_output_adapter@D@__crt_stdio_output@@V?$format_validation_base@DV?$string_output_adapter@D@__crt_stdio_output@@@2@@__crt_stdio_output@@AEAA_ND@Z 00000001400068c0 f i libucrt:output.obj
 0001:0000599c       ?write_string@?$string_output_adapter@D@__crt_stdio_output@@QEBAXQEBDHQEAHAEAV__crt_deferred_errno_cache@@@Z 000000014000699c f i libucrt:output.obj
 0001:00005a40       __stdio_common_vsnprintf_s 0000000140006a40 f   libucrt:output.obj
 0001:00005b90       sinf                       0000000140006b90 f   libucrt:sinf.obj
 0001:00006288       _seh_filter_exe            0000000140007288 f   libucrt:exception_filter.obj
 0001:0000640c       _query_app_type            000000014000740c f   libucrt:report_runtime_error.obj
 0001:00006414       _set_app_type              0000000140007414 f   libucrt:report_runtime_error.obj
 0001:0000641c       __acrt_has_user_matherr    000000014000741c f   libucrt:matherr.obj
 0001:0000643c       __acrt_initialize_user_matherr 000000014000743c f   libucrt:matherr.obj
 0001:00006444       __acrt_invoke_user_matherr 0000000140007444 f   libucrt:matherr.obj
 0001:00006474       __setusermatherr           0000000140007474 f   libucrt:matherr.obj
 0001:0000665c       __acrt_allocate_buffer_for_argv 000000014000765c f   libucrt:argv_parsing.obj
 0001:000066bc       _configure_narrow_argv     00000001400076bc f   libucrt:argv_parsing.obj
 0001:00006a34       __dcrt_uninitialize_environments_nolock 0000000140007a34 f   libucrt:environment_initialization.obj
 0001:00006a6c       _initialize_narrow_environment 0000000140007a6c f   libucrt:environment_initialization.obj
 0001:00006a74       _get_narrow_winmain_command_line 0000000140007a74 f   libucrt:argv_winmain.obj
 0001:00006ae4       _initterm                  0000000140007ae4 f   libucrt:initterm.obj
 0001:00006b48       _initterm_e                0000000140007b48 f   libucrt:initterm.obj
 0001:00006df4       __acrt_initialize_thread_local_exit_callback 0000000140007df4 f   libucrt:exit.obj
 0001:00006dfc       _c_exit                    0000000140007dfc f   libucrt:exit.obj
 0001:00006e0c       _cexit                     0000000140007e0c f   libucrt:exit.obj
 0001:00006e1c       _exit                      0000000140007e1c f   libucrt:exit.obj
 0001:00006e28       _register_thread_local_exe_atexit_callback 0000000140007e28 f   libucrt:exit.obj
 0001:00006e64       exit                       0000000140007e64 f   libucrt:exit.obj
 0001:00006e70       _set_fmode                 0000000140007e70 f   libucrt:setmode.obj
 0001:00006f20       __acrt_set_locale_changed  0000000140007f20 f   libucrt:wsetlocale.obj
 0001:00006f2c       __acrt_uninitialize_locale 0000000140007f2c f   libucrt:wsetlocale.obj
 0001:00006f5c       _configthreadlocale        0000000140007f5c f   libucrt:wsetlocale.obj
 0001:00006fc8       _query_new_mode            0000000140007fc8 f   libucrt:new_mode.obj
 0001:00006fd0       _set_new_mode              0000000140007fd0 f   libucrt:new_mode.obj
 0001:00006ffc       __p__commode               0000000140007ffc f   libucrt:ncommode.obj
 0001:00007344       _crt_atexit                0000000140008344 f   libucrt:onexit.obj
 0001:00007354       _execute_onexit_table      0000000140008354 f   libucrt:onexit.obj
 0001:00007390       _initialize_onexit_table   0000000140008390 f   libucrt:onexit.obj
 0001:000073b8       _register_onexit_function  00000001400083b8 f   libucrt:onexit.obj
 0001:0000752c       __acrt_initialize          000000014000852c f   libucrt:initialization.obj
 0001:00007540       __acrt_uninitialize        0000000140008540 f   libucrt:initialization.obj
 0001:00007578       terminate                  0000000140008578 f   libucrt:terminate.obj
 0001:00007598       free                       0000000140008598 f   libucrt:free.obj
 0001:000075ac       strcpy_s                   00000001400085ac f   libucrt:strcpy_s.obj
 0001:0000760c       abort                      000000014000860c f   libucrt:abort.obj
 0001:00007664       calloc                     0000000140008664 f   libucrt:calloc.obj
 0001:0000766c       ??$parse_integer@KV?$c_string_character_source@D@__crt_strtox@@@__crt_strtox@@YAKQEAU__crt_locale_pointers@@V?$c_string_character_source@D@0@H_N@Z 000000014000866c f i libucrt:atox.obj
 0001:00007970       _ischartype_l              0000000140008970 f i libucrt:atox.obj
 0001:00007a00       strncmp                    0000000140008a00 f   libucrt:strncmp.obj
 0001:00007a80       wcsncmp                    0000000140008a80 f   libucrt:wcsncmp.obj
 0001:00007aac       __acrt_call_reportfault    0000000140008aac f   libucrt:invalid_parameter.obj
 0001:00007c08       __acrt_initialize_invalid_parameter_handler 0000000140008c08 f   libucrt:invalid_parameter.obj
 0001:00007c10       _invalid_parameter         0000000140008c10 f   libucrt:invalid_parameter.obj
 0001:00007cc0       _invalid_parameter_noinfo  0000000140008cc0 f   libucrt:invalid_parameter.obj
 0001:00007ce0       _invoke_watson             0000000140008ce0 f   libucrt:invalid_parameter.obj
 0001:00007d28       __acrt_errno_from_os_error 0000000140008d28 f   libucrt:errno.obj
 0001:00007d70       __acrt_errno_map_os_error  0000000140008d70 f   libucrt:errno.obj
 0001:00007dc0       __doserrno                 0000000140008dc0 f   libucrt:errno.obj
 0001:00007de0       _errno                     0000000140008de0 f   libucrt:errno.obj
 0001:00007e00       _free_base                 0000000140008e00 f   libucrt:free_base.obj
 0001:00007e40       _malloc_base               0000000140008e40 f   libucrt:malloc_base.obj
 0001:00007ea0       strtol                     0000000140008ea0 f   libucrt:strtox.obj
 0001:00007ecc       _mbtowc_l                  0000000140008ecc f   libucrt:mbtowc.obj
 0001:0000804c       mbtowc                     000000014000904c f   libucrt:mbtowc.obj
 0001:00008054       _wctomb_s_l                0000000140009054 f   libucrt:wctomb.obj
 0001:000081f0       strnlen                    00000001400091f0 f   libucrt:strnlen.obj
 0001:00008340       wcsnlen                    0000000140009340 f   libucrt:strnlen.obj
 0001:00008890       __acrt_getptd              0000000140009890 f   libucrt:per_thread_data.obj
 0001:00008964       __acrt_getptd_head         0000000140009964 f   libucrt:per_thread_data.obj
 0001:00008a0c       __acrt_getptd_noexit       0000000140009a0c f   libucrt:per_thread_data.obj
 0001:00008ad8       __acrt_initialize_ptd      0000000140009ad8 f   libucrt:per_thread_data.obj
 0001:00008b14       __acrt_uninitialize_ptd    0000000140009b14 f   libucrt:per_thread_data.obj
 0001:00008b38       __acrt_update_locale_info  0000000140009b38 f   libucrt:locale_update.obj
 0001:00008b6c       __acrt_update_multibyte_info 0000000140009b6c f   libucrt:locale_update.obj
 0001:000095ac       __acrt_fp_format           000000014000a5ac f   libucrt:cvt.obj
 0001:000098e4       _fileno                    000000014000a8e4 f   libucrt:fileno.obj
 0001:0000990c       __acrt_initialize_stdio    000000014000a90c f   libucrt:_file.obj
 0001:00009a2c       __acrt_uninitialize_stdio  000000014000aa2c f   libucrt:_file.obj
 0001:00009a88       _lock_file                 000000014000aa88 f   libucrt:_file.obj
 0001:00009a94       _unlock_file               000000014000aa94 f   libucrt:_file.obj
 0001:00009aa0       _get_printf_count_output   000000014000aaa0 f   libucrt:printf_count_output.obj
 0001:00009cb4       __acrt_initialize_lowio    000000014000acb4 f   libucrt:ioinit.obj
 0001:00009cf0       __acrt_uninitialize_lowio  000000014000acf0 f   libucrt:ioinit.obj
 0001:00009d30       __acrt_initialize_fma3     000000014000ad30 f   libucrt:fma3_available.obj
 0001:00009da0       __remainder_piby2d2f_forC  000000014000ada0 f   libucrt:remainder_piby2f_forc.obj
 0001:00009fb8       _sinf_special              000000014000afb8 f   libucrt:sincos_special.obj
 0001:00009fcc       _calloc_base               000000014000afcc f   libucrt:calloc_base.obj
 0001:0000a058       ??$__acrt_mbs_to_wcs_cp@U__crt_win32_buffer_internal_dynamic_resizing@@@@YAHQEBDAEAV?$__crt_win32_buffer@_WU__crt_win32_buffer_internal_dynamic_resizing@@@@I@Z 000000014000b058 f i libucrt:argv_wildcards.obj
 0001:0000a1d0       ??$__acrt_wcs_to_mbs_cp@U__crt_win32_buffer_internal_dynamic_resizing@@@@YAHQEB_WAEAV?$__crt_win32_buffer@DU__crt_win32_buffer_internal_dynamic_resizing@@@@I@Z 000000014000b1d0 f i libucrt:argv_wildcards.obj
 0001:0000aa00       __acrt_expand_narrow_argv_wildcards 000000014000ba00 f   libucrt:argv_wildcards.obj
 0001:0000aa08       ??$__acrt_wcs_to_mbs_cp@U__crt_win32_buffer_no_resizing@@@@YAHQEB_WAEAV?$__crt_win32_buffer@DU__crt_win32_buffer_no_resizing@@@@I@Z 000000014000ba08 f i libucrt:getmodulefilenamea.obj
 0001:0000ab1c       __acrt_GetModuleFileNameA  000000014000bb1c f   libucrt:getmodulefilenamea.obj
 0001:0000b364       __acrt_initialize_multibyte 000000014000c364 f   libucrt:mbctype.obj
 0001:0000b3c4       __acrt_update_thread_multibyte_data 000000014000c3c4 f   libucrt:mbctype.obj
 0001:0000b3e0       _setmbcp_nolock            000000014000c3e0 f   libucrt:mbctype.obj
 0001:0000b714       _ismbblead                 000000014000c714 f   libucrt:ismbbyte.obj
 0001:0000b728       __acrt_initialize_command_line 000000014000c728 f   libucrt:argv_data.obj
 0001:0000b750       __acrt_MultiByteToWideChar 000000014000c750 f   libucrt:multibytetowidechar.obj
 0001:0000b7ac       __acrt_WideCharToMultiByte 000000014000c7ac f   libucrt:widechartomultibyte.obj
 0001:0000b85c       __dcrt_get_narrow_environment_from_os 000000014000c85c f   libucrt:get_environment_from_os.obj
 0001:0000b960       __acrt_initialize_locks    000000014000c960 f   libucrt:locks.obj
 0001:0000b9a8       __acrt_lock                000000014000c9a8 f   libucrt:locks.obj
 0001:0000b9c4       __acrt_uninitialize_locks  000000014000c9c4 f   libucrt:locks.obj
 0001:0000b9fc       __acrt_unlock              000000014000c9fc f   libucrt:locks.obj
 0001:0000ba18       __acrt_get_process_end_policy 000000014000ca18 f   libucrt:win_policies.obj
 0001:0000ba54       __acrt_lowio_create_handle_array 000000014000ca54 f   libucrt:osfinfo.obj
 0001:0000bafc       __acrt_lowio_destroy_handle_array 000000014000cafc f   libucrt:osfinfo.obj
 0001:0000bb4c       __acrt_lowio_ensure_fh_exists 000000014000cb4c f   libucrt:osfinfo.obj
 0001:0000bbf4       __acrt_lowio_lock_fh       000000014000cbf4 f   libucrt:osfinfo.obj
 0001:0000bc1c       __acrt_lowio_unlock_fh     000000014000cc1c f   libucrt:osfinfo.obj
 0001:0000bc44       _free_osfhnd               000000014000cc44 f   libucrt:osfinfo.obj
 0001:0000bd00       _get_osfhandle             000000014000cd00 f   libucrt:osfinfo.obj
 0001:0000bd78       __acrt_initialize_fmode    000000014000cd78 f   libucrt:txtmode.obj
 0001:0000bd94       __acrt_locale_free_monetary 000000014000cd94 f   libucrt:initmon.obj
 0001:0000bea0       __acrt_locale_free_numeric 000000014000cea0 f   libucrt:initnum.obj
 0001:0000bf64       __acrt_locale_free_time    000000014000cf64 f   libucrt:inittime.obj
 0001:0000c06c       __pctype_func              000000014000d06c f   libucrt:ctype.obj
 0001:0000c09c       __acrt_GetStringTypeA      000000014000d09c f   libucrt:getstringtypea.obj
 0001:0000c22c       __acrt_add_locale_ref      000000014000d22c f   libucrt:locale_refcounting.obj
 0001:0000c2b8       __acrt_free_locale         000000014000d2b8 f   libucrt:locale_refcounting.obj
 0001:0000c430       __acrt_locale_add_lc_time_reference 000000014000d430 f   libucrt:locale_refcounting.obj
 0001:0000c458       __acrt_locale_free_lc_time_if_unreferenced 000000014000d458 f   libucrt:locale_refcounting.obj
 0001:0000c490       __acrt_locale_release_lc_time_reference 000000014000d490 f   libucrt:locale_refcounting.obj
 0001:0000c4b8       __acrt_release_locale_ref  000000014000d4b8 f   libucrt:locale_refcounting.obj
 0001:0000c560       __acrt_update_thread_locale_data 000000014000d560 f   libucrt:locale_refcounting.obj
 0001:0000c5d0       _updatetlocinfoEx_nolock   000000014000d5d0 f   libucrt:locale_refcounting.obj
 0001:0000c810       __acrt_AppPolicyGetProcessTerminationMethodInternal 000000014000d810 f   libucrt:winapi_thunks.obj
 0001:0000c860       __acrt_AreFileApisANSI     000000014000d860 f   libucrt:winapi_thunks.obj
 0001:0000c89c       __acrt_FlsAlloc            000000014000d89c f   libucrt:winapi_thunks.obj
 0001:0000c8e4       __acrt_FlsFree             000000014000d8e4 f   libucrt:winapi_thunks.obj
 0001:0000c92c       __acrt_FlsGetValue         000000014000d92c f   libucrt:winapi_thunks.obj
 0001:0000c974       __acrt_FlsSetValue         000000014000d974 f   libucrt:winapi_thunks.obj
 0001:0000c9c8       __acrt_InitializeCriticalSectionEx 000000014000d9c8 f   libucrt:winapi_thunks.obj
 0001:0000ca2c       __acrt_LCMapStringEx       000000014000da2c f   libucrt:winapi_thunks.obj
 0001:0000cb08       __acrt_LocaleNameToLCID    000000014000db08 f   libucrt:winapi_thunks.obj
 0001:0000cb58       __acrt_initialize_winapi_thunks 000000014000db58 f   libucrt:winapi_thunks.obj
 0001:0000cb8c       __acrt_uninitialize_winapi_thunks 000000014000db8c f   libucrt:winapi_thunks.obj
 0001:0000cbd0       _recalloc_base             000000014000dbd0 f   libucrt:recalloc.obj
 0001:0000cc68       __acrt_initialize_heap     000000014000dc68 f   libucrt:heap_handle.obj
 0001:0000cc84       __acrt_uninitialize_heap   000000014000dc84 f   libucrt:heap_handle.obj
 0001:0000cc90       __acrt_execute_initializers 000000014000dc90 f   libucrt:shared_initialization.obj
 0001:0000cd10       __acrt_execute_uninitializers 000000014000dd10 f   libucrt:shared_initialization.obj
 0001:0000cd4c       __acrt_initialize_new_handler 000000014000dd4c f   libucrt:new_handler.obj
 0001:0000cd54       _callnewh                  000000014000dd54 f   libucrt:new_handler.obj
 0001:0000cd84       _query_new_handler         000000014000dd84 f   libucrt:new_handler.obj
 0001:0000ce00       __acrt_get_sigabrt_handler 000000014000de00 f   libucrt:signal.obj
 0001:0000ce30       __acrt_initialize_signal_handlers 000000014000de30 f   libucrt:signal.obj
 0001:0000ce50       raise                      000000014000de50 f   libucrt:signal.obj
 0001:0000d298       __acrt_stdio_flush_nolock  000000014000e298 f   libucrt:fflush.obj
 0001:0000d314       _fflush_nolock             000000014000e314 f   libucrt:fflush.obj
 0001:0000d360       _flushall                  000000014000e360 f   libucrt:fflush.obj
 0001:0000d368       _isctype_l                 000000014000e368 f   libucrt:isctype.obj
 0001:0000d470       _isleadbyte_l              000000014000e470 f i libucrt:_wctype.obj
 0001:0000d4bc       ?__mbrtowc_utf8@__crt_mbstring@@YA_KPEA_WPEBD_KPEAU_Mbstatet@@@Z 000000014000e4bc f   libucrt:mbrtowc.obj
 0001:0000d4f8       ?__mbsrtowcs_utf8@__crt_mbstring@@YA_KPEA_WPEAPEBD_KPEAU_Mbstatet@@@Z 000000014000e4f8 f   libucrt:mbrtowc.obj
 0001:0000d670       ?__c32rtomb_utf8@__crt_mbstring@@YA_KPEAD_UPEAU_Mbstatet@@@Z 000000014000e670 f   libucrt:c32rtomb.obj
 0001:0000d724       __acrt_fp_strflt_to_string 000000014000e724 f   libucrt:_fptostr.obj
 0001:0000d880       ?divide@__crt_strtox@@YA_KAEAUbig_integer@1@AEBU21@@Z 000000014000e880 f i libucrt:cfout.obj
 0001:0000dcac       __acrt_fltout              000000014000ecac f   libucrt:cfout.obj
 0001:0000ef78       fegetround                 000000014000ff78 f   libucrt:fegetround.obj
 0001:0000ef8c       _fcloseall                 000000014000ff8c f   libucrt:closeall.obj
 0001:0000f040       __acrt_stdio_free_buffer_nolock 0000000140010040 f   libucrt:_freebuf.obj
 0001:0000f080       _isatty                    0000000140010080 f   libucrt:isatty.obj
 0001:0000f204       _handle_error              0000000140010204 f   libucrt:libm_error.obj
 0001:0000f32c       _handle_errorf             000000014001032c f   libucrt:libm_error.obj
 0001:0000f460       _handle_nan                0000000140010460 f   libucrt:libm_error.obj
 0001:0000f480       qsort                      0000000140010480 f   libucrt:qsort.obj
 0001:0000f820       strncpy_s                  0000000140010820 f   libucrt:strncpy_s.obj
 0001:0000f9a0       strpbrk                    00000001400109a0 f   libucrt:strpbrk.obj
 0001:0000fd68       _mbsdec                    0000000140010d68 f   libucrt:mbsdec.obj
 0001:0000fd70       _mbsdec_l                  0000000140010d70 f   libucrt:mbsdec.obj
 0001:0001011c       __acrt_LCMapStringA        000000014001111c f   libucrt:lcmapstringa.obj
 0001:000101cc       __ascii_wcsnicmp           00000001400111cc f   libucrt:wcsnicmp.obj
 0001:00010218       __acrt_DownlevelLocaleNameToLCID 0000000140011218 f   libucrt:lcidtoname_downlevel.obj
 0001:000102c8       _msize_base                00000001400112c8 f   libucrt:msize.obj
 0001:00010304       _realloc_base              0000000140011304 f   libucrt:realloc_base.obj
 0001:0001040c       _commit                    000000014001140c f   libucrt:commit.obj
 0001:00010d1c       _write                     0000000140011d1c f   libucrt:write.obj
 0001:00010e08       _write_nolock              0000000140011e08 f   libucrt:write.obj
 0001:000110ec       ?__mbrtoc32_utf8@__crt_mbstring@@YA_KPEA_UPEBD_KPEAU_Mbstatet@@@Z 00000001400120ec f   libucrt:mbrtoc32.obj
 0001:000112c4       _controlfp_s               00000001400122c4 f   libucrt:contrlfp.obj
 0001:00011328       fegetenv                   0000000140012328 f   libucrt:fegetenv.obj
 0001:00011348       fesetenv                   0000000140012348 f   libucrt:fesetenv.obj
 0001:00011394       feholdexcept               0000000140012394 f   libucrt:feholdexcept.obj
 0001:000113e4       ceil                       00000001400123e4 f   libucrt:ceil.obj
 0001:000114b0       log10                      00000001400124b0 f   libucrt:log10.obj
 0001:00011a5c       __acrt_fenv_get_common_round_control 0000000140012a5c f   libucrt:_fenvutils.obj
 0001:00011a68       __acrt_fenv_get_control    0000000140012a68 f   libucrt:_fenvutils.obj
 0001:00011b5c       __acrt_fenv_get_status     0000000140012b5c f   libucrt:_fenvutils.obj
 0001:00011bb0       __acrt_fenv_set_control    0000000140012bb0 f   libucrt:_fenvutils.obj
 0001:00011cf8       __acrt_fenv_set_status     0000000140012cf8 f   libucrt:_fenvutils.obj
 0001:00011e18       _lseeki64_nolock           0000000140012e18 f   libucrt:lseek.obj
 0001:00011e20       _fclose_nolock             0000000140012e20 f   libucrt:fclose.obj
 0001:00011ea4       fclose                     0000000140012ea4 f   libucrt:fclose.obj
 0001:00011f08       _raise_exc                 0000000140012f08 f   libucrt:fpexcept.obj
 0001:00011f30       _raise_exc_ex              0000000140012f30 f   libucrt:fpexcept.obj
 0001:00012240       _raise_excf                0000000140013240 f   libucrt:fpexcept.obj
 0001:0001226c       _set_errno_from_matherr    000000014001326c f   libucrt:fpexcept.obj
 0001:0001229c       _clrfp                     000000014001329c f   libucrt:fpctrl.obj
 0001:000122bc       _ctrlfp                    00000001400132bc f   libucrt:fpctrl.obj
 0001:00012338       _set_statfp                0000000140013338 f   libucrt:fpctrl.obj
 0001:00012358       _statfp                    0000000140013358 f   libucrt:fpctrl.obj
 0001:0001236c       __strncnt                  000000014001336c f   libucrt:strncnt.obj
 0001:00012384       _putwch_nolock             0000000140013384 f   libucrt:putwch.obj
 0001:000123c0       _clearfp                   00000001400133c0 f   libucrt:ieee.obj
 0001:00012430       _control87                 0000000140013430 f   libucrt:ieee.obj
 0001:00012700       _log10_special             0000000140013700 f   libucrt:log_special.obj
 0001:0001282c       _close                     000000014001382c f   libucrt:close.obj
 0001:000128d0       _close_nolock              00000001400138d0 f   libucrt:close.obj
 0001:00012990       ?__acrt_stdio_free_stream@@YAXV__crt_stdio_stream@@@Z 0000000140013990 f   libucrt:stream.obj
 0001:000129c0       _get_fpsr                  00000001400139c0 f   libucrt:fpsr.obj
 0001:000129d0       _set_fpsr                  00000001400139d0 f   libucrt:fpsr.obj
 0001:000129da       _fclrf                     00000001400139da f   libucrt:fpsr.obj
 0001:000129ee       _frnd                      00000001400139ee f   libucrt:fpsr.obj
 0001:00012a10       __dcrt_lowio_ensure_console_output_initialized 0000000140013a10 f   libucrt:initcon.obj
 0001:00012a64       __dcrt_terminate_console_output 0000000140013a64 f   libucrt:initcon.obj
 0001:00012a80       __dcrt_write_console       0000000140013a80 f   libucrt:initcon.obj
 0001:00012b40       _FindPESection             0000000140013b40 f   LIBCMT:pesect.obj
 0001:00012b90       _IsNonwritableInCurrentImage 0000000140013b90 f   LIBCMT:pesect.obj
 0001:00012be0       _ValidateImageBase         0000000140013be0 f   LIBCMT:pesect.obj
 0001:00012c20       __chkstk                   0000000140013c20 f   LIBCMT:chkstk.obj
 0001:00012c20       _alloca_probe              0000000140013c20 f   LIBCMT:chkstk.obj
 0001:00012c80       memcmp                     0000000140013c80 f   libvcruntime:memcmp.obj
 0001:00012d48       strrchr                    0000000140013d48 f   libvcruntime:strrchr.obj
 0001:00012ea0       _guard_dispatch_icall_nop  0000000140013ea0 f   LIBCMT:guard_dispatch.obj
 0001:00012ec0       _guard_xfg_dispatch_icall_nop 0000000140013ec0 f   LIBCMT:guard_xfg_dispatch.obj
 0002:00000000       __imp_StretchDIBits        0000000140015000     Gdi32:GDI32.dll
 0002:00000008       \177GDI32_NULL_THUNK_DATA  0000000140015008     Gdi32:GDI32.dll
 0002:00000010       __imp_CreateFileW          0000000140015010     kernel32:KERNEL32.dll
 0002:00000018       __imp_GetConsoleMode       0000000140015018     kernel32:KERNEL32.dll
 0002:00000020       __imp_GetConsoleOutputCP   0000000140015020     kernel32:KERNEL32.dll
 0002:00000028       __imp_WriteConsoleW        0000000140015028     kernel32:KERNEL32.dll
 0002:00000030       __imp_HeapReAlloc          0000000140015030     kernel32:KERNEL32.dll
 0002:00000038       __imp_HeapSize             0000000140015038     kernel32:KERNEL32.dll
 0002:00000040       __imp_SetFilePointerEx     0000000140015040     kernel32:KERNEL32.dll
 0002:00000048       __imp_FlushFileBuffers     0000000140015048     kernel32:KERNEL32.dll
 0002:00000050       __imp_TlsAlloc             0000000140015050     kernel32:KERNEL32.dll
 0002:00000058       __imp_GetProcessHeap       0000000140015058     kernel32:KERNEL32.dll
 0002:00000060       __imp_LCMapStringW         0000000140015060     kernel32:KERNEL32.dll
 0002:00000068       __imp_CreateFileA          0000000140015068     kernel32:KERNEL32.dll
 0002:00000070       __imp_GetFileSizeEx        0000000140015070     kernel32:KERNEL32.dll
 0002:00000078       __imp_ReadFile             0000000140015078     kernel32:KERNEL32.dll
 0002:00000080       __imp_WriteFile            0000000140015080     kernel32:KERNEL32.dll
 0002:00000088       __imp_OutputDebugStringA   0000000140015088     kernel32:KERNEL32.dll
 0002:00000090       __imp_CloseHandle          0000000140015090     kernel32:KERNEL32.dll
 0002:00000098       __imp_QueryPerformanceCounter 0000000140015098     kernel32:KERNEL32.dll
 0002:000000a0       __imp_QueryPerformanceFrequency 00000001400150a0     kernel32:KERNEL32.dll
 0002:000000a8       __imp_Sleep                00000001400150a8     kernel32:KERNEL32.dll
 0002:000000b0       __imp_VirtualAlloc         00000001400150b0     kernel32:KERNEL32.dll
 0002:000000b8       __imp_VirtualFree          00000001400150b8     kernel32:KERNEL32.dll
 0002:000000c0       __imp_GetProcAddress       00000001400150c0     kernel32:KERNEL32.dll
 0002:000000c8       __imp_LoadLibraryA         00000001400150c8     kernel32:KERNEL32.dll
 0002:000000d0       __imp_RtlCaptureContext    00000001400150d0     kernel32:KERNEL32.dll
 0002:000000d8       __imp_RtlLookupFunctionEntry 00000001400150d8     kernel32:KERNEL32.dll
 0002:000000e0       __imp_RtlVirtualUnwind     00000001400150e0     kernel32:KERNEL32.dll
 0002:000000e8       __imp_UnhandledExceptionFilter 00000001400150e8     kernel32:KERNEL32.dll
 0002:000000f0       __imp_SetUnhandledExceptionFilter 00000001400150f0     kernel32:KERNEL32.dll
 0002:000000f8       __imp_GetCurrentProcess    00000001400150f8     kernel32:KERNEL32.dll
 0002:00000100       __imp_TerminateProcess     0000000140015100     kernel32:KERNEL32.dll
 0002:00000108       __imp_IsProcessorFeaturePresent 0000000140015108     kernel32:KERNEL32.dll
 0002:00000110       __imp_GetCurrentProcessId  0000000140015110     kernel32:KERNEL32.dll
 0002:00000118       __imp_GetCurrentThreadId   0000000140015118     kernel32:KERNEL32.dll
 0002:00000120       __imp_GetSystemTimeAsFileTime 0000000140015120     kernel32:KERNEL32.dll
 0002:00000128       __imp_InitializeSListHead  0000000140015128     kernel32:KERNEL32.dll
 0002:00000130       __imp_IsDebuggerPresent    0000000140015130     kernel32:KERNEL32.dll
 0002:00000138       __imp_GetStartupInfoW      0000000140015138     kernel32:KERNEL32.dll
 0002:00000140       __imp_GetModuleHandleW     0000000140015140     kernel32:KERNEL32.dll
 0002:00000148       __imp_RtlUnwindEx          0000000140015148     kernel32:KERNEL32.dll
 0002:00000150       __imp_GetLastError         0000000140015150     kernel32:KERNEL32.dll
 0002:00000158       __imp_SetLastError         0000000140015158     kernel32:KERNEL32.dll
 0002:00000160       __imp_EnterCriticalSection 0000000140015160     kernel32:KERNEL32.dll
 0002:00000168       __imp_LeaveCriticalSection 0000000140015168     kernel32:KERNEL32.dll
 0002:00000170       __imp_DeleteCriticalSection 0000000140015170     kernel32:KERNEL32.dll
 0002:00000178       __imp_InitializeCriticalSectionAndSpinCount 0000000140015178     kernel32:KERNEL32.dll
 0002:00000180       __imp_TlsGetValue          0000000140015180     kernel32:KERNEL32.dll
 0002:00000188       __imp_TlsSetValue          0000000140015188     kernel32:KERNEL32.dll
 0002:00000190       __imp_TlsFree              0000000140015190     kernel32:KERNEL32.dll
 0002:00000198       __imp_FreeLibrary          0000000140015198     kernel32:KERNEL32.dll
 0002:000001a0       __imp_LoadLibraryExW       00000001400151a0     kernel32:KERNEL32.dll
 0002:000001a8       __imp_RaiseException       00000001400151a8     kernel32:KERNEL32.dll
 0002:000001b0       __imp_GetStdHandle         00000001400151b0     kernel32:KERNEL32.dll
 0002:000001b8       __imp_GetModuleFileNameW   00000001400151b8     kernel32:KERNEL32.dll
 0002:000001c0       __imp_ExitProcess          00000001400151c0     kernel32:KERNEL32.dll
 0002:000001c8       __imp_GetModuleHandleExW   00000001400151c8     kernel32:KERNEL32.dll
 0002:000001d0       __imp_HeapFree             00000001400151d0     kernel32:KERNEL32.dll
 0002:000001d8       __imp_HeapAlloc            00000001400151d8     kernel32:KERNEL32.dll
 0002:000001e0       __imp_GetFileType          00000001400151e0     kernel32:KERNEL32.dll
 0002:000001e8       __imp_FindClose            00000001400151e8     kernel32:KERNEL32.dll
 0002:000001f0       __imp_FindFirstFileExW     00000001400151f0     kernel32:KERNEL32.dll
 0002:000001f8       __imp_FindNextFileW        00000001400151f8     kernel32:KERNEL32.dll
 0002:00000200       __imp_IsValidCodePage      0000000140015200     kernel32:KERNEL32.dll
 0002:00000208       __imp_GetACP               0000000140015208     kernel32:KERNEL32.dll
 0002:00000210       __imp_GetOEMCP             0000000140015210     kernel32:KERNEL32.dll
 0002:00000218       __imp_GetCPInfo            0000000140015218     kernel32:KERNEL32.dll
 0002:00000220       __imp_GetCommandLineA      0000000140015220     kernel32:KERNEL32.dll
 0002:00000228       __imp_GetCommandLineW      0000000140015228     kernel32:KERNEL32.dll
 0002:00000230       __imp_MultiByteToWideChar  0000000140015230     kernel32:KERNEL32.dll
 0002:00000238       __imp_WideCharToMultiByte  0000000140015238     kernel32:KERNEL32.dll
 0002:00000240       __imp_GetEnvironmentStringsW 0000000140015240     kernel32:KERNEL32.dll
 0002:00000248       __imp_FreeEnvironmentStringsW 0000000140015248     kernel32:KERNEL32.dll
 0002:00000250       __imp_SetStdHandle         0000000140015250     kernel32:KERNEL32.dll
 0002:00000258       __imp_GetStringTypeW       0000000140015258     kernel32:KERNEL32.dll
 0002:00000260       \177KERNEL32_NULL_THUNK_DATA 0000000140015260     kernel32:KERNEL32.dll
 0002:00000268       __imp_DispatchMessageA     0000000140015268     user32:USER32.dll
 0002:00000270       __imp_PeekMessageA         0000000140015270     user32:USER32.dll
 0002:00000278       __imp_DefWindowProcA       0000000140015278     user32:USER32.dll
 0002:00000280       __imp_GetClientRect        0000000140015280     user32:USER32.dll
 0002:00000288       __imp_EndPaint             0000000140015288     user32:USER32.dll
 0002:00000290       __imp_BeginPaint           0000000140015290     user32:USER32.dll
 0002:00000298       __imp_GetDC                0000000140015298     user32:USER32.dll
 0002:000002a0       __imp_CreateWindowExA      00000001400152a0     user32:USER32.dll
 0002:000002a8       __imp_RegisterClassA       00000001400152a8     user32:USER32.dll
 0002:000002b0       __imp_TranslateMessage     00000001400152b0     user32:USER32.dll
 0002:000002b8       \177USER32_NULL_THUNK_DATA 00000001400152b8     user32:USER32.dll
 0002:000002c0       __imp_timeBeginPeriod      00000001400152c0     Winmm:WINMM.dll
 0002:000002c8       \177WINMM_NULL_THUNK_DATA  00000001400152c8     Winmm:WINMM.dll
 0002:000002d0       __guard_check_icall_fptr   00000001400152d0     LIBCMT:guard_support.obj
 0002:000002d8       __guard_xfg_check_icall_fptr 00000001400152d8     LIBCMT:guard_support.obj
 0002:000002e0       __guard_dispatch_icall_fptr 00000001400152e0     LIBCMT:guard_support.obj
 0002:000002e8       __guard_xfg_dispatch_icall_fptr 00000001400152e8     LIBCMT:guard_support.obj
 0002:000002f0       __guard_xfg_table_dispatch_icall_fptr 00000001400152f0     LIBCMT:guard_support.obj
 0002:000002f8       __castguard_check_failure_os_handled_fptr 00000001400152f8     LIBCMT:guard_support.obj
 0002:00000300       __xc_a                     0000000140015300     LIBCMT:initializers.obj
 0002:00000310       __xc_z                     0000000140015310     LIBCMT:initializers.obj
 0002:00000318       __xi_a                     0000000140015318     LIBCMT:initializers.obj
 0002:00000330       __acrt_stdio_initializer   0000000140015330     libucrt:stdio_initializer.obj
 0002:00000338       __acrt_tran_fma3_initializer 0000000140015338     libucrt:fma3_initializer.obj
 0002:00000340       __acrt_multibyte_initializer 0000000140015340     libucrt:multibyte_initializer.obj
 0002:00000348       __acrt_fmode_initializer   0000000140015348     libucrt:fmode_initializer.obj
 0002:00000350       __xi_z                     0000000140015350     LIBCMT:initializers.obj
 0002:00000358       __xp_a                     0000000140015358     LIBCMT:initializers.obj
 0002:00000360       __acrt_locale_terminator   0000000140015360     libucrt:locale_initializer.obj
 0002:00000368       __dcrt_console_output_terminator 0000000140015368     libucrt:console_output_initializer.obj
 0002:00000370       __acrt_stdio_terminator    0000000140015370     libucrt:stdio_initializer.obj
 0002:00000378       __xp_z                     0000000140015378     LIBCMT:initializers.obj
 0002:00000380       __xt_a                     0000000140015380     LIBCMT:initializers.obj
 0002:00000388       __xt_z                     0000000140015388     LIBCMT:initializers.obj
 0002:000004c0       __real@00000000            00000001400154c0     win32_handmade.obj
 0002:000004c4       __real@3f000000            00000001400154c4     win32_handmade.obj
 0002:000004c8       __real@3f800000            00000001400154c8     win32_handmade.obj
 0002:000004cc       __real@40c90fdb            00000001400154cc     win32_handmade.obj
 0002:000004d0       __real@43000000            00000001400154d0     win32_handmade.obj
 0002:000004d4       __real@447a0000            00000001400154d4     win32_handmade.obj
 0002:000004d8       __real@46fffe00            00000001400154d8     win32_handmade.obj
 0002:000004dc       __real@47000000            00000001400154dc     win32_handmade.obj
 0002:000004e0       __real@49742400            00000001400154e0     win32_handmade.obj
 0002:000004e4       __real@bf800000            00000001400154e4     win32_handmade.obj
 0002:000004f0       __xmm@80000000800000008000000080000000 00000001400154f0     win32_handmade.obj
 0002:00000510       __xmm@ffffffffffffffffffffffffffffffff 0000000140015510     LIBCMT:utility.obj
 0002:00000520       _pDestructExceptionObject  0000000140015520     libvcruntime:ehhelpers.obj
 0002:00000c40       ??_C@_08EHJDFFNH@__based?$CI@ 0000000140015c40     libvcruntime:undname.obj
 0002:00000c50       ??_C@_07KOLFKCDI@__cdecl@  0000000140015c50     libvcruntime:undname.obj
 0002:00000c58       ??_C@_08GHMPAG@__pascal@   0000000140015c58     libvcruntime:undname.obj
 0002:00000c68       ??_C@_09IFJBGAPI@__stdcall@ 0000000140015c68     libvcruntime:undname.obj
 0002:00000c78       ??_C@_0L@NPHFGOKO@__thiscall@ 0000000140015c78     libvcruntime:undname.obj
 0002:00000c88       ??_C@_0L@JMKHOMEK@__fastcall@ 0000000140015c88     libvcruntime:undname.obj
 0002:00000c98       ??_C@_0N@BCKKPABJ@__vectorcall@ 0000000140015c98     libvcruntime:undname.obj
 0002:00000ca8       ??_C@_09HIJEGCPM@__clrcall@ 0000000140015ca8     libvcruntime:undname.obj
 0002:00000cb4       ??_C@_06GHPCKEAG@__eabi@   0000000140015cb4     libvcruntime:undname.obj
 0002:00000cc0       ??_C@_09IOPIDJLG@__swift_1@ 0000000140015cc0     libvcruntime:undname.obj
 0002:00000cd0       ??_C@_09KFNFGKHF@__swift_2@ 0000000140015cd0     libvcruntime:undname.obj
 0002:00000ce0       ??_C@_09LMMOFLDE@__swift_3@ 0000000140015ce0     libvcruntime:undname.obj
 0002:00000cf0       ??_C@_07JOMMBBKO@__ptr64@  0000000140015cf0     libvcruntime:undname.obj
 0002:00000cf8       ??_C@_0L@PILCLIHE@__restrict@ 0000000140015cf8     libvcruntime:undname.obj
 0002:00000d08       ??_C@_0M@GFIIJFMG@__unaligned@ 0000000140015d08     libvcruntime:undname.obj
 0002:00000d18       ??_C@_09DHDLOLLB@restrict?$CI@ 0000000140015d18     libvcruntime:undname.obj
 0002:00000d22       ??_C@_00CNPNBAHC@@         0000000140015d22     libvcruntime:undname.obj
 0002:00000d24       ??_C@_04NIHEBCM@?5new@     0000000140015d24     libvcruntime:undname.obj
 0002:00000d30       ??_C@_07FPCDHGMM@?5delete@ 0000000140015d30     libvcruntime:undname.obj
 0002:00000d38       ??_C@_01NEMOKFLO@?$DN@     0000000140015d38     libvcruntime:undname.obj
 0002:00000d3c       ??_C@_02GPIOPFAK@?$DO?$DO@ 0000000140015d3c     libvcruntime:undname.obj
 0002:00000d40       ??_C@_02FODMEDOG@?$DM?$DM@ 0000000140015d40     libvcruntime:undname.obj
 0002:00000d44       ??_C@_01DCLJPIOD@?$CB@     0000000140015d44     libvcruntime:undname.obj
 0002:00000d48       ??_C@_02EGOFBIJA@?$DN?$DN@ 0000000140015d48     libvcruntime:undname.obj
 0002:00000d4c       ??_C@_02FDNJECIE@?$CB?$DN@ 0000000140015d4c     libvcruntime:undname.obj
 0002:00000d50       ??_C@_02GPECMEKF@?$FL?$FN@ 0000000140015d50     libvcruntime:undname.obj
 0002:00000d58       ??_C@_08LHJFAFGD@operator@ 0000000140015d58     libvcruntime:undname.obj
 0002:00000d64       ??_C@_02HBOOOICD@?9?$DO@   0000000140015d64     libvcruntime:undname.obj
 0002:00000d68       ??_C@_01NBENCBCI@?$CK@     0000000140015d68     libvcruntime:undname.obj
 0002:00000d6c       ??_C@_02ECNGHCIF@?$CL?$CL@ 0000000140015d6c     libvcruntime:undname.obj
 0002:00000d70       ??_C@_02BAABKJLB@?9?9@     0000000140015d70     libvcruntime:undname.obj
 0002:00000d74       ??_C@_01JOAMLHOP@?9@       0000000140015d74     libvcruntime:undname.obj
 0002:00000d78       ??_C@_01MIFGBAGJ@?$CL@     0000000140015d78     libvcruntime:undname.obj
 0002:00000d7c       ??_C@_01HNPIGOCE@?$CG@     0000000140015d7c     libvcruntime:undname.obj
 0002:00000d80       ??_C@_03MNHNFDLC@?9?$DO?$CK@ 0000000140015d80     libvcruntime:undname.obj
 0002:00000d84       ??_C@_01KMDKNFGN@?1@       0000000140015d84     libvcruntime:undname.obj
 0002:00000d88       ??_C@_01FGNFDNOH@?$CF@     0000000140015d88     libvcruntime:undname.obj
 0002:00000d8c       ??_C@_01MNNFJEPP@?$DM@     0000000140015d8c     libvcruntime:undname.obj
 0002:00000d90       ??_C@_02EHCHHCKH@?$DM?$DN@ 0000000140015d90     libvcruntime:undname.obj
 0002:00000d94       ??_C@_01PPODPGHN@?$DO@     0000000140015d94     libvcruntime:undname.obj
 0002:00000d98       ??_C@_02EEKDKGMJ@?$DO?$DN@ 0000000140015d98     libvcruntime:undname.obj
 0002:00000d9c       ??_C@_01IHBHIGKO@?0@       0000000140015d9c     libvcruntime:undname.obj
 0002:00000da0       ??_C@_02HCKGKOFO@?$CI?$CJ@ 0000000140015da0     libvcruntime:undname.obj
 0002:00000da4       ??_C@_01PJKLJHI@?$HO@      0000000140015da4     libvcruntime:undname.obj
 0002:00000da8       ??_C@_01JKBOJNNK@?$FO@     0000000140015da8     libvcruntime:undname.obj
 0002:00000dac       ??_C@_01DNKMNLPK@?$HM@     0000000140015dac     libvcruntime:undname.obj
 0002:00000db0       ??_C@_02PPKAJPJL@?$CG?$CG@ 0000000140015db0     libvcruntime:undname.obj
 0002:00000db4       ??_C@_02NONPIBCD@?$HM?$HM@ 0000000140015db4     libvcruntime:undname.obj
 0002:00000db8       ??_C@_02FPIMKNGF@?$CK?$DN@ 0000000140015db8     libvcruntime:undname.obj
 0002:00000dbc       ??_C@_02FOEOMHFC@?$CL?$DN@ 0000000140015dbc     libvcruntime:undname.obj
 0002:00000dc0       ??_C@_02FKMDLLOA@?9?$DN@   0000000140015dc0     libvcruntime:undname.obj
 0002:00000dc4       ??_C@_02FJEHGPIO@?1?$DN@   0000000140015dc4     libvcruntime:undname.obj
 0002:00000dc8       ??_C@_02FENAOKFI@?$CF?$DN@ 0000000140015dc8     libvcruntime:undname.obj
 0002:00000dcc       ??_C@_03IKFCCPFF@?$DO?$DO?$DN@ 0000000140015dcc     libvcruntime:undname.obj
 0002:00000dd0       ??_C@_03CDNPDDLA@?$DM?$DM?$DN@ 0000000140015dd0     libvcruntime:undname.obj
 0002:00000dd4       ??_C@_02FGJGFEAB@?$CG?$DN@ 0000000140015dd4     libvcruntime:undname.obj
 0002:00000dd8       ??_C@_02DHLNPPGH@?$HM?$DN@ 0000000140015dd8     libvcruntime:undname.obj
 0002:00000ddc       ??_C@_02MHEGNOJ@?$FO?$DN@  0000000140015ddc     libvcruntime:undname.obj
 0002:00000de0       ??_C@_09IFPLHPGF@?$GAvftable?8@ 0000000140015de0     libvcruntime:undname.obj
 0002:00000df0       ??_C@_09BLBHBJP@?$GAvbtable?8@ 0000000140015df0     libvcruntime:undname.obj
 0002:00000e00       ??_C@_07FEEIOKP@?$GAvcall?8@ 0000000140015e00     libvcruntime:undname.obj
 0002:00000e08       ??_C@_08LLFFHHDJ@?$GAtypeof?8@ 0000000140015e08     libvcruntime:undname.obj
 0002:00000e18       ??_C@_0BF@KDPPACIK@?$GAlocal?5static?5guard?8@ 0000000140015e18     libvcruntime:undname.obj
 0002:00000e30       ??_C@_08OBABFOLI@?$GAstring?8@ 0000000140015e30     libvcruntime:undname.obj
 0002:00000e40       ??_C@_0BD@JDLKDPAB@?$GAvbase?5destructor?8@ 0000000140015e40     libvcruntime:undname.obj
 0002:00000e58       ??_C@_0BN@DEGPLNFK@?$GAvector?5deleting?5destructor?8@ 0000000140015e58     libvcruntime:undname.obj
 0002:00000e78       ??_C@_0BO@OBMKPJIG@?$GAdefault?5constructor?5closure?8@ 0000000140015e78     libvcruntime:undname.obj
 0002:00000e98       ??_C@_0BN@IMDCHIKM@?$GAscalar?5deleting?5destructor?8@ 0000000140015e98     libvcruntime:undname.obj
 0002:00000eb8       ??_C@_0BO@PFGOCPJJ@?$GAvector?5constructor?5iterator?8@ 0000000140015eb8     libvcruntime:undname.obj
 0002:00000ed8       ??_C@_0BN@LFPFMEDL@?$GAvector?5destructor?5iterator?8@ 0000000140015ed8     libvcruntime:undname.obj
 0002:00000ef8       ??_C@_0CE@IKBNEHA@?$GAvector?5vbase?5constructor?5itera@ 0000000140015ef8     libvcruntime:undname.obj
 0002:00000f20       ??_C@_0BL@NILFHHPC@?$GAvirtual?5displacement?5map?8@ 0000000140015f20     libvcruntime:undname.obj
 0002:00000f40       ??_C@_0CB@JONCMFFK@?$GAeh?5vector?5constructor?5iterator@ 0000000140015f40     libvcruntime:undname.obj
 0002:00000f68       ??_C@_0CA@GCEOPDGL@?$GAeh?5vector?5destructor?5iterator?8@ 0000000140015f68     libvcruntime:undname.obj
 0002:00000f88       ??_C@_0CH@OOJPLCPH@?$GAeh?5vector?5vbase?5constructor?5it@ 0000000140015f88     libvcruntime:undname.obj
 0002:00000fb0       ??_C@_0BL@LLKPOHJI@?$GAcopy?5constructor?5closure?8@ 0000000140015fb0     libvcruntime:undname.obj
 0002:00000fd0       ??_C@_0BA@KBCDOMBN@?$GAudt?5returning?8@ 0000000140015fd0     libvcruntime:undname.obj
 0002:00000fe0       ??_C@_03KLGMFNMG@?$GAEH@   0000000140015fe0     libvcruntime:undname.obj
 0002:00000fe4       ??_C@_05KHLCHHI@?$GARTTI@  0000000140015fe4     libvcruntime:undname.obj
 0002:00000ff0       ??_C@_0BA@KKLDJDLB@?$GAlocal?5vftable?8@ 0000000140015ff0     libvcruntime:undname.obj
 0002:00001000       ??_C@_0CE@IIHCMGGL@?$GAlocal?5vftable?5constructor?5clos@ 0000000140016000     libvcruntime:undname.obj
 0002:00001024       ??_C@_06FHBGPFGH@?5new?$FL?$FN@ 0000000140016024     libvcruntime:undname.obj
 0002:00001030       ??_C@_09LBNFPBCA@?5delete?$FL?$FN@ 0000000140016030     libvcruntime:undname.obj
 0002:00001040       ??_C@_0P@HJKNJFNN@?$GAomni?5callsig?8@ 0000000140016040     libvcruntime:undname.obj
 0002:00001050       ??_C@_0BL@CNOONJFP@?$GAplacement?5delete?5closure?8@ 0000000140016050     libvcruntime:undname.obj
 0002:00001070       ??_C@_0BN@CKNJLHMB@?$GAplacement?5delete?$FL?$FN?5closure?8@ 0000000140016070     libvcruntime:undname.obj
 0002:00001090       ??_C@_0CG@CFDHKGGD@?$GAmanaged?5vector?5constructor?5ite@ 0000000140016090     libvcruntime:undname.obj
 0002:000010b8       ??_C@_0CF@IMGKMJNO@?$GAmanaged?5vector?5destructor?5iter@ 00000001400160b8     libvcruntime:undname.obj
 0002:000010e0       ??_C@_0CG@HLDDJMAG@?$GAeh?5vector?5copy?5constructor?5ite@ 00000001400160e0     libvcruntime:undname.obj
 0002:00001108       ??_C@_0CM@FCBBDIGB@?$GAeh?5vector?5vbase?5copy?5construct@ 0000000140016108     libvcruntime:undname.obj
 0002:00001138       ??_C@_0BL@CLIPGLGB@?$GAdynamic?5initializer?5for?5?8@ 0000000140016138     libvcruntime:undname.obj
 0002:00001158       ??_C@_0CB@PDBIFEP@?$GAdynamic?5atexit?5destructor?5for?5@ 0000000140016158     libvcruntime:undname.obj
 0002:00001180       ??_C@_0CD@CGAJBKEJ@?$GAvector?5copy?5constructor?5iterat@ 0000000140016180     libvcruntime:undname.obj
 0002:000011a8       ??_C@_0CJ@GJELGAMM@?$GAvector?5vbase?5copy?5constructor?5@ 00000001400161a8     libvcruntime:undname.obj
 0002:000011d8       ??_C@_0CL@FGIJHLCE@?$GAmanaged?5vector?5copy?5constructo@ 00000001400161d8     libvcruntime:undname.obj
 0002:00001208       ??_C@_0BM@PMGGMLDN@?$GAlocal?5static?5thread?5guard?8@ 0000000140016208     libvcruntime:undname.obj
 0002:00001228       ??_C@_0N@BDNMDMOL@operator?5?$CC?$CC?5@ 0000000140016228     libvcruntime:undname.obj
 0002:00001238       ??_C@_0BC@GGEBGALA@operator?5co_await@ 0000000140016238     libvcruntime:undname.obj
 0002:00001250       ??_C@_0M@GAAIMMOH@operator?$DM?$DN?$DO@ 0000000140016250     libvcruntime:undname.obj
 0002:00001260       ??_C@_0BC@DAFEJGAK@?5Type?5Descriptor?8@ 0000000140016260     libvcruntime:undname.obj
 0002:00001278       ??_C@_0BM@LDKODKLH@?5Base?5Class?5Descriptor?5at?5?$CI@ 0000000140016278     libvcruntime:undname.obj
 0002:00001298       ??_C@_0BD@LGICGFMM@?5Base?5Class?5Array?8@ 0000000140016298     libvcruntime:undname.obj
 0002:000012b0       ??_C@_0BN@MECKDCOJ@?5Class?5Hierarchy?5Descriptor?8@ 00000001400162b0     libvcruntime:undname.obj
 0002:000012d0       ??_C@_0BK@CFCOFLF@?5Complete?5Object?5Locator?8@ 00000001400162d0     libvcruntime:undname.obj
 0002:000012f0       ??_C@_0BG@JNJLAMPM@?$GAanonymous?5namespace?8@ 00000001400162f0     libvcruntime:undname.obj
 0002:00001320       ??_C@_1DM@KHCHBNEB@?$AAa?$AAp?$AAi?$AA?9?$AAm?$AAs?$AA?9?$AAw?$AAi?$AAn?$AA?9?$AAc?$AAo?$AAr?$AAe@ 0000000140016320     libvcruntime:winapi_downlevel.obj
 0002:00001360       ??_C@_1DK@LPPGFMPP@?$AAa?$AAp?$AAi?$AA?9?$AAm?$AAs?$AA?9?$AAw?$AAi?$AAn?$AA?9?$AAc?$AAo?$AAr?$AAe@ 0000000140016360     libvcruntime:winapi_downlevel.obj
 0002:000013a0       ??_C@_1BC@GDMECMAK@?$AAk?$AAe?$AAr?$AAn?$AAe?$AAl?$AA3?$AA2@ 00000001400163a0     libvcruntime:winapi_downlevel.obj
 0002:000013b8       ??_C@_1BA@PFFKHIOG@?$AAa?$AAp?$AAi?$AA?9?$AAm?$AAs?$AA?9@ 00000001400163b8     libvcruntime:winapi_downlevel.obj
 0002:000013d0       ??_C@_08KNHFBNJ@FlsAlloc@  00000001400163d0     libvcruntime:winapi_downlevel.obj
 0002:000013e8       ??_C@_07PEJMOBNF@FlsFree@  00000001400163e8     libvcruntime:winapi_downlevel.obj
 0002:000013f8       ??_C@_0M@GDNOONDI@FlsGetValue@ 00000001400163f8     libvcruntime:winapi_downlevel.obj
 0002:00001410       ??_C@_0M@JCPCPOEF@FlsSetValue@ 0000000140016410     libvcruntime:winapi_downlevel.obj
 0002:00001428       ??_C@_0BM@HCFOFFN@InitializeCriticalSectionEx@ 0000000140016428     libvcruntime:winapi_downlevel.obj
 0002:00001450       ?format_validation_lookup_table_spectre@__crt_stdio_output@@3V?$spectre_mitigated_lookup_table@Ustate_transition_pair@__crt_stdio_output@@$0IA@@1@B 0000000140016450     libucrt:output.obj
 0002:00001850       ??_C@_1O@CEDCILHN@?$AA?$CI?$AAn?$AAu?$AAl?$AAl?$AA?$CJ@ 0000000140016850     libucrt:output.obj
 0002:00001860       ??_C@_06OJHGLDPL@?$CInull?$CJ@ 0000000140016860     libucrt:output.obj
 0002:000019a0       __acrt_exception_action_table 00000001400169a0     libucrt:exception_filter.obj
 0002:00001a60       __acrt_signal_action_table_count 0000000140016a60     libucrt:exception_filter.obj
 0002:00001a68       __acrt_signal_action_first_fpe_index 0000000140016a68     libucrt:exception_filter.obj
 0002:00001a70       __acrt_signal_action_fpe_count 0000000140016a70     libucrt:exception_filter.obj
 0002:00001a78       ??_C@_1BI@BGOHAHKC@?$AAm?$AAs?$AAc?$AAo?$AAr?$AAe?$AAe?$AA?4?$AAd?$AAl?$AAl@ 0000000140016a78     libucrt:exit.obj
 0002:00001a90       ??_C@_0P@MIGLKIOC@CorExitProcess@ 0000000140016a90     libucrt:exit.obj
 0002:00001d90       ??_C@_03OEIAHPBN@INF@      0000000140016d90     libucrt:cvt.obj
 0002:00001d94       ??_C@_03OJHLLCGB@inf@      0000000140016d94     libucrt:cvt.obj
 0002:00001d98       ??_C@_03LKNCIKJB@NAN@      0000000140016d98     libucrt:cvt.obj
 0002:00001d9c       ??_C@_03LHCJEHON@nan@      0000000140016d9c     libucrt:cvt.obj
 0002:00001da0       ??_C@_09OFJJIMPC@NAN?$CISNAN?$CJ@ 0000000140016da0     libucrt:cvt.obj
 0002:00001db0       ??_C@_09IPFBKMDL@nan?$CIsnan?$CJ@ 0000000140016db0     libucrt:cvt.obj
 0002:00001dc0       ??_C@_08IKHNHAJ@NAN?$CIIND?$CJ@ 0000000140016dc0     libucrt:cvt.obj
 0002:00001dd0       ??_C@_08OFCDMILK@nan?$CIind?$CJ@ 0000000140016dd0     libucrt:cvt.obj
 0002:00001ddc       ??_C@_05KLBDPFGC@e?$CL000@ 0000000140016ddc     libucrt:cvt.obj
 0002:00001df0       __lc_time_c                0000000140016df0     libucrt:nlsdata.obj
 0002:000020b0       ??_C@_03KOEHGMDN@Sun@      00000001400170b0     libucrt:nlsdata.obj
 0002:000020b4       ??_C@_03PDAGKDH@Mon@       00000001400170b4     libucrt:nlsdata.obj
 0002:000020b8       ??_C@_03NAGEINEP@Tue@      00000001400170b8     libucrt:nlsdata.obj
 0002:000020bc       ??_C@_03MHOMLAJA@Wed@      00000001400170bc     libucrt:nlsdata.obj
 0002:000020c0       ??_C@_03IOFIKPDN@Thu@      00000001400170c0     libucrt:nlsdata.obj
 0002:000020c4       ??_C@_03IDIOELNC@Fri@      00000001400170c4     libucrt:nlsdata.obj
 0002:000020c8       ??_C@_03FEFJNEK@Sat@       00000001400170c8     libucrt:nlsdata.obj
 0002:000020cc       ??_C@_06OOPIFAJ@Sunday@    00000001400170cc     libucrt:nlsdata.obj
 0002:000020d4       ??_C@_06JLEDEDGH@Monday@   00000001400170d4     libucrt:nlsdata.obj
 0002:000020e0       ??_C@_07BAAGCFCM@Tuesday@  00000001400170e0     libucrt:nlsdata.obj
 0002:000020e8       ??_C@_09DLIGFAKA@Wednesday@ 00000001400170e8     libucrt:nlsdata.obj
 0002:000020f8       ??_C@_08HACCIKIA@Thursday@ 00000001400170f8     libucrt:nlsdata.obj
 0002:00002104       ??_C@_06JECMNKMI@Friday@   0000000140017104     libucrt:nlsdata.obj
 0002:00002110       ??_C@_08INBOOONO@Saturday@ 0000000140017110     libucrt:nlsdata.obj
 0002:0000211c       ??_C@_03JIHJHPIE@Jan@      000000014001711c     libucrt:nlsdata.obj
 0002:00002120       ??_C@_03HJBDCHOM@Feb@      0000000140017120     libucrt:nlsdata.obj
 0002:00002124       ??_C@_03ODNJBKGA@Mar@      0000000140017124     libucrt:nlsdata.obj
 0002:00002128       ??_C@_03LEOLGMJP@Apr@      0000000140017128     libucrt:nlsdata.obj
 0002:0000212c       ??_C@_03CNMDKL@May@        000000014001712c     libucrt:nlsdata.obj
 0002:00002130       ??_C@_03IDFGHECI@Jun@      0000000140017130     libucrt:nlsdata.obj
 0002:00002134       ??_C@_03LBGABGKK@Jul@      0000000140017134     libucrt:nlsdata.obj
 0002:00002138       ??_C@_03IFJFEIGA@Aug@      0000000140017138     libucrt:nlsdata.obj
 0002:0000213c       ??_C@_03GGCAPAJC@Sep@      000000014001713c     libucrt:nlsdata.obj
 0002:00002140       ??_C@_03BMAOKBAD@Oct@      0000000140017140     libucrt:nlsdata.obj
 0002:00002144       ??_C@_03JPJOFNIA@Nov@      0000000140017144     libucrt:nlsdata.obj
 0002:00002148       ??_C@_03MKABNOCG@Dec@      0000000140017148     libucrt:nlsdata.obj
 0002:00002150       ??_C@_07CGJPFGJA@January@  0000000140017150     libucrt:nlsdata.obj
 0002:00002158       ??_C@_08GNJGEPFN@February@ 0000000140017158     libucrt:nlsdata.obj
 0002:00002164       ??_C@_05HPCKOFNC@March@    0000000140017164     libucrt:nlsdata.obj
 0002:0000216c       ??_C@_05DMJDNLEJ@April@    000000014001716c     libucrt:nlsdata.obj
 0002:00002174       ??_C@_04CNLMGBGM@June@     0000000140017174     libucrt:nlsdata.obj
 0002:0000217c       ??_C@_04MIEPOIFP@July@     000000014001717c     libucrt:nlsdata.obj
 0002:00002184       ??_C@_06LBBHFDDG@August@   0000000140017184     libucrt:nlsdata.obj
 0002:00002190       ??_C@_09BHHEALKD@September@ 0000000140017190     libucrt:nlsdata.obj
 0002:000021a0       ??_C@_07JJNFCEND@October@  00000001400171a0     libucrt:nlsdata.obj
 0002:000021a8       ??_C@_08HCHEGEOA@November@ 00000001400171a8     libucrt:nlsdata.obj
 0002:000021b8       ??_C@_08EDHMEBNP@December@ 00000001400171b8     libucrt:nlsdata.obj
 0002:000021c4       ??_C@_02DEDBPAFC@AM@       00000001400171c4     libucrt:nlsdata.obj
 0002:000021c8       ??_C@_02CJNFDJBF@PM@       00000001400171c8     libucrt:nlsdata.obj
 0002:000021d0       ??_C@_08BPBNCDIB@MM?1dd?1yy@ 00000001400171d0     libucrt:nlsdata.obj
 0002:000021e0       ??_C@_0BE@CKGJFCPC@dddd?0?5MMMM?5dd?0?5yyyy@ 00000001400171e0     libucrt:nlsdata.obj
 0002:000021f8       ??_C@_08JCCMCCIL@HH?3mm?3ss@ 00000001400171f8     libucrt:nlsdata.obj
 0002:00002208       ??_C@_17MBGCMIPB@?$AAS?$AAu?$AAn@ 0000000140017208     libucrt:nlsdata.obj
 0002:00002210       ??_C@_17KBOMKBF@?$AAM?$AAo?$AAn@ 0000000140017210     libucrt:nlsdata.obj
 0002:00002218       ??_C@_17BMKGEGOJ@?$AAT?$AAu?$AAe@ 0000000140017218     libucrt:nlsdata.obj
 0002:00002220       ??_C@_17CJEDCEPE@?$AAW?$AAe?$AAd@ 0000000140017220     libucrt:nlsdata.obj
 0002:00002228       ??_C@_17PDPHAADD@?$AAT?$AAh?$AAu@ 0000000140017228     libucrt:nlsdata.obj
 0002:00002230       ??_C@_17HFOLPPLP@?$AAF?$AAr?$AAi@ 0000000140017230     libucrt:nlsdata.obj
 0002:00002238       ??_C@_17GGIBDPIH@?$AAS?$AAa?$AAt@ 0000000140017238     libucrt:nlsdata.obj
 0002:00002240       ??_C@_1O@IHNHDHPB@?$AAS?$AAu?$AAn?$AAd?$AAa?$AAy@ 0000000140017240     libucrt:nlsdata.obj
 0002:00002250       ??_C@_1O@MMNBFLIA@?$AAM?$AAo?$AAn?$AAd?$AAa?$AAy@ 0000000140017250     libucrt:nlsdata.obj
 0002:00002260       ??_C@_1BA@ENFBFFEK@?$AAT?$AAu?$AAe?$AAs?$AAd?$AAa?$AAy@ 0000000140017260     libucrt:nlsdata.obj
 0002:00002270       ??_C@_1BE@EBOGMDOH@?$AAW?$AAe?$AAd?$AAn?$AAe?$AAs?$AAd?$AAa?$AAy@ 0000000140017270     libucrt:nlsdata.obj
 0002:00002288       ??_C@_1BC@HHMNLIHE@?$AAT?$AAh?$AAu?$AAr?$AAs?$AAd?$AAa?$AAy@ 0000000140017288     libucrt:nlsdata.obj
 0002:000022a0       ??_C@_1O@PDICJHAG@?$AAF?$AAr?$AAi?$AAd?$AAa?$AAy@ 00000001400172a0     libucrt:nlsdata.obj
 0002:000022b0       ??_C@_1BC@ENMNNPAJ@?$AAS?$AAa?$AAt?$AAu?$AAr?$AAd?$AAa?$AAy@ 00000001400172b0     libucrt:nlsdata.obj
 0002:000022c8       ??_C@_17DKNBKCHM@?$AAJ?$AAa?$AAn@ 00000001400172c8     libucrt:nlsdata.obj
 0002:000022d0       ??_C@_17LMDJEKJN@?$AAF?$AAe?$AAb@ 00000001400172d0     libucrt:nlsdata.obj
 0002:000022d8       ??_C@_17CKNLEDEC@?$AAM?$AAa?$AAr@ 00000001400172d8     libucrt:nlsdata.obj
 0002:000022e0       ??_C@_17LFPOIHDD@?$AAA?$AAp?$AAr@ 00000001400172e0     libucrt:nlsdata.obj
 0002:000022e8       ??_C@_17PNNKMEED@?$AAM?$AAa?$AAy@ 00000001400172e8     libucrt:nlsdata.obj
 0002:000022f0       ??_C@_17KCJGOCPB@?$AAJ?$AAu?$AAn@ 00000001400172f0     libucrt:nlsdata.obj
 0002:000022f8       ??_C@_17IJPCKHK@?$AAJ?$AAu?$AAl@ 00000001400172f8     libucrt:nlsdata.obj
 0002:00002300       ??_C@_17ICPELBCN@?$AAA?$AAu?$AAg@ 0000000140017300     libucrt:nlsdata.obj
 0002:00002308       ??_C@_17HCHCOKMG@?$AAS?$AAe?$AAp@ 0000000140017308     libucrt:nlsdata.obj
 0002:00002310       ??_C@_17FNLKOI@?$AAO?$AAc?$AAt@ 0000000140017310     libucrt:nlsdata.obj
 0002:00002318       ??_C@_17BBDMLCIG@?$AAN?$AAo?$AAv@ 0000000140017318     libucrt:nlsdata.obj
 0002:00002320       ??_C@_17EGKACKIF@?$AAD?$AAe?$AAc@ 0000000140017320     libucrt:nlsdata.obj
 0002:00002328       ??_C@_1BA@EFMEIEBA@?$AAJ?$AAa?$AAn?$AAu?$AAa?$AAr?$AAy@ 0000000140017328     libucrt:nlsdata.obj
 0002:00002338       ??_C@_1BC@JGDDFFAM@?$AAF?$AAe?$AAb?$AAr?$AAu?$AAa?$AAr?$AAy@ 0000000140017338     libucrt:nlsdata.obj
 0002:00002350       ??_C@_1M@IKEENEDF@?$AAM?$AAa?$AAr?$AAc?$AAh@ 0000000140017350     libucrt:nlsdata.obj
 0002:00002360       ??_C@_1M@GJNLMHFD@?$AAA?$AAp?$AAr?$AAi?$AAl@ 0000000140017360     libucrt:nlsdata.obj
 0002:00002370       ??_C@_19EPFLPGAP@?$AAJ?$AAu?$AAn?$AAe@ 0000000140017370     libucrt:nlsdata.obj
 0002:00002380       ??_C@_19BIFMLPCD@?$AAJ?$AAu?$AAl?$AAy@ 0000000140017380     libucrt:nlsdata.obj
 0002:00002390       ??_C@_1O@PAHLKOAC@?$AAA?$AAu?$AAg?$AAu?$AAs?$AAt@ 0000000140017390     libucrt:nlsdata.obj
 0002:000023a0       ??_C@_1BE@DKAAMBJL@?$AAS?$AAe?$AAp?$AAt?$AAe?$AAm?$AAb?$AAe?$AAr@ 00000001400173a0     libucrt:nlsdata.obj
 0002:000023b8       ??_C@_1BA@EPANDLNG@?$AAO?$AAc?$AAt?$AAo?$AAb?$AAe?$AAr@ 00000001400173b8     libucrt:nlsdata.obj
 0002:000023c8       ??_C@_1BC@BGLIFPF@?$AAN?$AAo?$AAv?$AAe?$AAm?$AAb?$AAe?$AAr@ 00000001400173c8     libucrt:nlsdata.obj
 0002:000023e0       ??_C@_1BC@FEMKIFH@?$AAD?$AAe?$AAc?$AAe?$AAm?$AAb?$AAe?$AAr@ 00000001400173e0     libucrt:nlsdata.obj
 0002:000023f4       ??_C@_15ODEHAHHF@?$AAA?$AAM@ 00000001400173f4     libucrt:nlsdata.obj
 0002:000023fc       ??_C@_15CLMNNGEL@?$AAP?$AAM@ 00000001400173fc     libucrt:nlsdata.obj
 0002:00002408       ??_C@_1BC@IEBCMHCM@?$AAM?$AAM?$AA?1?$AAd?$AAd?$AA?1?$AAy?$AAy@ 0000000140017408     libucrt:nlsdata.obj
 0002:00002420       ??_C@_1CI@KNAKOEBC@?$AAd?$AAd?$AAd?$AAd?$AA?0?$AA?5?$AAM?$AAM?$AAM?$AAM?$AA?5?$AAd?$AAd?$AA?0?$AA?5@ 0000000140017420     libucrt:nlsdata.obj
 0002:00002448       ??_C@_1BC@GDGBMEMK@?$AAH?$AAH?$AA?3?$AAm?$AAm?$AA?3?$AAs?$AAs@ 0000000140017448     libucrt:nlsdata.obj
 0002:00002460       ??_C@_1M@BMHNFIME@?$AAe?$AAn?$AA?9?$AAU?$AAS@ 0000000140017460     libucrt:nlsdata.obj
 0002:00002470       __Lcosfarray               0000000140017470     libucrt:lsincosf_array.obj
 0002:000024a0       __Lsinfarray               00000001400174a0     libucrt:lsincosf_array.obj
 0002:000024c0       __L_2_by_pi_bits           00000001400174c0     libucrt:l2_by_pi_bits.obj
 0002:00002610       ??_C@_04LAGPAAHP@sinf@     0000000140017610     libucrt:sincos_special.obj
 0002:00002638       ??_C@_1M@HPNHIDJI@?$AAj?$AAa?$AA?9?$AAJ?$AAP@ 0000000140017638     libucrt:mbctype.obj
 0002:00002648       ??_C@_1M@BIBDDEMK@?$AAz?$AAh?$AA?9?$AAC?$AAN@ 0000000140017648     libucrt:mbctype.obj
 0002:00002658       ??_C@_1M@JLOOOEGK@?$AAk?$AAo?$AA?9?$AAK?$AAR@ 0000000140017658     libucrt:mbctype.obj
 0002:00002668       ??_C@_1M@CLNBBOPM@?$AAz?$AAh?$AA?9?$AAT?$AAW@ 0000000140017668     libucrt:mbctype.obj
 0002:00002680       __newctype                 0000000140017680     libucrt:ctype.obj
 0002:00002980       __newclmap                 0000000140017980     libucrt:ctype.obj
 0002:00002b00       __newcumap                 0000000140017b00     libucrt:ctype.obj
 0002:00002c80       ??_C@_15PJPFLCCM@?$AAu?$AAk@ 0000000140017c80     libucrt:get_qualified_locale.obj
 0002:00002d30       ??_C@_1EA@JGEFHKEI@?$AAa?$AAp?$AAi?$AA?9?$AAm?$AAs?$AA?9?$AAw?$AAi?$AAn?$AA?9?$AAc?$AAo?$AAr?$AAe@ 0000000140017d30     libucrt:winapi_thunks.obj
 0002:00002d70       ??_C@_1DI@IJCEHOCB@?$AAa?$AAp?$AAi?$AA?9?$AAm?$AAs?$AA?9?$AAw?$AAi?$AAn?$AA?9?$AAc?$AAo?$AAr?$AAe@ 0000000140017d70     libucrt:winapi_thunks.obj
 0002:00002db0       ??_C@_1EI@MPIAOHOC@?$AAa?$AAp?$AAi?$AA?9?$AAm?$AAs?$AA?9?$AAw?$AAi?$AAn?$AA?9?$AAc?$AAo?$AAr?$AAe@ 0000000140017db0     libucrt:winapi_thunks.obj
 0002:00002e00       ??_C@_1FK@FPHCKFIE@?$AAa?$AAp?$AAi?$AA?9?$AAm?$AAs?$AA?9?$AAw?$AAi?$AAn?$AA?9?$AAc?$AAo?$AAr?$AAe@ 0000000140017e00     libucrt:winapi_thunks.obj
 0002:00002e60       ??_C@_1EM@DILCGIIO@?$AAa?$AAp?$AAi?$AA?9?$AAm?$AAs?$AA?9?$AAw?$AAi?$AAn?$AA?9?$AAc?$AAo?$AAr?$AAe@ 0000000140017e60     libucrt:winapi_thunks.obj
 0002:00002eb0       ??_C@_1DM@LNCGDDPN@?$AAa?$AAp?$AAi?$AA?9?$AAm?$AAs?$AA?9?$AAw?$AAi?$AAn?$AA?9?$AAc?$AAo?$AAr?$AAe@ 0000000140017eb0     libucrt:winapi_thunks.obj
 0002:00002ef0       ??_C@_1DO@FPAPJEMD@?$AAa?$AAp?$AAi?$AA?9?$AAm?$AAs?$AA?9?$AAw?$AAi?$AAn?$AA?9?$AAc?$AAo?$AAr?$AAe@ 0000000140017ef0     libucrt:winapi_thunks.obj
 0002:00002f30       ??_C@_1DK@NDHNAHIO@?$AAa?$AAp?$AAi?$AA?9?$AAm?$AAs?$AA?9?$AAw?$AAi?$AAn?$AA?9?$AAc?$AAo?$AAr?$AAe@ 0000000140017f30     libucrt:winapi_thunks.obj
 0002:00002f70       ??_C@_1DM@KGHDGBCM@?$AAa?$AAp?$AAi?$AA?9?$AAm?$AAs?$AA?9?$AAw?$AAi?$AAn?$AA?9?$AAc?$AAo?$AAr?$AAe@ 0000000140017f70     libucrt:winapi_thunks.obj
 0002:00002fb0       ??_C@_1EO@IJIOEFOH@?$AAa?$AAp?$AAi?$AA?9?$AAm?$AAs?$AA?9?$AAw?$AAi?$AAn?$AA?9?$AAr?$AAt?$AAc?$AAo@ 0000000140017fb0     libucrt:winapi_thunks.obj
 0002:00003000       ??_C@_1FG@HHGEKANL@?$AAa?$AAp?$AAi?$AA?9?$AAm?$AAs?$AA?9?$AAw?$AAi?$AAn?$AA?9?$AAs?$AAe?$AAc?$AAu@ 0000000140018000     libucrt:winapi_thunks.obj
 0002:00003060       ??_C@_1EG@DBIOJECG@?$AAe?$AAx?$AAt?$AA?9?$AAm?$AAs?$AA?9?$AAw?$AAi?$AAn?$AA?9?$AAn?$AAt?$AAu?$AAs@ 0000000140018060     libucrt:winapi_thunks.obj
 0002:000030b0       ??_C@_1EO@FIHMJCLF@?$AAe?$AAx?$AAt?$AA?9?$AAm?$AAs?$AA?9?$AAw?$AAi?$AAn?$AA?9?$AAn?$AAt?$AAu?$AAs@ 00000001400180b0     libucrt:winapi_thunks.obj
 0002:00003100       ??_C@_1BC@DNHGCMLG@?$AAa?$AAd?$AAv?$AAa?$AAp?$AAi?$AA3?$AA2@ 0000000140018100     libucrt:winapi_thunks.obj
 0002:00003118       ??_C@_1M@OAIMIKLP@?$AAn?$AAt?$AAd?$AAl?$AAl@ 0000000140018118     libucrt:winapi_thunks.obj
 0002:00003130       ??_C@_1EG@DPGNFKGC@?$AAa?$AAp?$AAi?$AA?9?$AAm?$AAs?$AA?9?$AAw?$AAi?$AAn?$AA?9?$AAa?$AAp?$AAp?$AAm@ 0000000140018130     libucrt:winapi_thunks.obj
 0002:00003178       ??_C@_1O@BCCLBEOE@?$AAu?$AAs?$AAe?$AAr?$AA3?$AA2@ 0000000140018178     libucrt:winapi_thunks.obj
 0002:00003188       ??_C@_1BA@IAIFMGEF@?$AAe?$AAx?$AAt?$AA?9?$AAm?$AAs?$AA?9@ 0000000140018188     libucrt:winapi_thunks.obj
 0002:000031a0       ??_C@_0BA@FHFNEAED@AreFileApisANSI@ 00000001400181a0     libucrt:winapi_thunks.obj
 0002:000031e0       ??_C@_0O@KKBNKAPF@LCMapStringEx@ 00000001400181e0     libucrt:winapi_thunks.obj
 0002:000031f8       ??_C@_0BB@HBDEELFH@LocaleNameToLCID@ 00000001400181f8     libucrt:winapi_thunks.obj
 0002:00003210       ??_C@_0CF@OJOFEIGO@AppPolicyGetProcessTerminationM@ 0000000140018210     libucrt:winapi_thunks.obj
 0002:00003240       ?large_power_data@?1??multiply_by_power_of_ten@__crt_strtox@@YA_NAEAUbig_integer@2@I@Z@4QBIB 0000000140018240     libucrt:cfout.obj
 0002:00003b50       ?large_power_indices@?1??multiply_by_power_of_ten@__crt_strtox@@YA_NAEAUbig_integer@2@I@Z@4QBUunpack_index@?1??12@YA_N0I@Z@B 0000000140018b50     libucrt:cfout.obj
 0002:00003be8       ?small_powers_of_ten@?1??multiply_by_power_of_ten@__crt_strtox@@YA_NAEAUbig_integer@2@I@Z@4QBIB 0000000140018be8     libucrt:cfout.obj
 0002:00003c0c       ??_C@_01GBGANLPD@0@        0000000140018c0c     libucrt:cfout.obj
 0002:00003c10       ??_C@_05DNEBIAHO@1?$CDINF@ 0000000140018c10     libucrt:cfout.obj
 0002:00003c18       ??_C@_06IMKFLFPG@1?$CDQNAN@ 0000000140018c18     libucrt:cfout.obj
 0002:00003c20       ??_C@_06PGGFOGJG@1?$CDSNAN@ 0000000140018c20     libucrt:cfout.obj
 0002:00003c28       ??_C@_05PHHOCPM@1?$CDIND@  0000000140018c28     libucrt:cfout.obj
 0002:00004a70       ??_C@_15EMKDOKLE@?$AAa?$AAr@ 0000000140019a70     libucrt:lcidtoname_downlevel.obj
 0002:00004a78       ??_C@_15KNPADPLH@?$AAb?$AAg@ 0000000140019a78     libucrt:lcidtoname_downlevel.obj
 0002:00004a80       ??_C@_15EDMHLDMO@?$AAc?$AAa@ 0000000140019a80     libucrt:lcidtoname_downlevel.obj
 0002:00004a88       ??_C@_1O@BPEAJADD@?$AAz?$AAh?$AA?9?$AAC?$AAH?$AAS@ 0000000140019a88     libucrt:lcidtoname_downlevel.obj
 0002:00004a98       ??_C@_15LJNHCMNK@?$AAc?$AAs@ 0000000140019a98     libucrt:lcidtoname_downlevel.obj
 0002:00004aa0       ??_C@_15FOMCIDHG@?$AAd?$AAa@ 0000000140019aa0     libucrt:lcidtoname_downlevel.obj
 0002:00004aa8       ??_C@_15NBKABECB@?$AAd?$AAe@ 0000000140019aa8     libucrt:lcidtoname_downlevel.obj
 0002:00004ab0       ??_C@_15GHPEIIAO@?$AAe?$AAl@ 0000000140019ab0     libucrt:lcidtoname_downlevel.obj
 0002:00004ab8       ??_C@_15MNPNEAIF@?$AAe?$AAn@ 0000000140019ab8     libucrt:lcidtoname_downlevel.obj
 0002:00004ac0       ??_C@_15GPIOMPMH@?$AAe?$AAs@ 0000000140019ac0     libucrt:lcidtoname_downlevel.obj
 0002:00004ac8       ??_C@_15NGLOAKJC@?$AAf?$AAi@ 0000000140019ac8     libucrt:lcidtoname_downlevel.obj
[...]
 0002:00009468       $unwind$?fp_format_e@@YAHQEBNQEAD_K12H_NIQEAU__crt_locale_pointers@@W4__acrt_rounding_mode@@@Z 000000014001e468     libucrt:cvt.obj
 0002:00009468       $unwind$_mbtowc_l          000000014001e468     libucrt:mbtowc.obj
 0002:00009468       $unwind$__acrt_LCMapStringEx 000000014001e468     libucrt:winapi_thunks.obj
 0002:0000947c       $unwind$_wctomb_s_l        000000014001e47c     libucrt:wctomb.obj
 0002:0000948c       $unwind$?construct_ptd_array@@YAXQEAU__acrt_ptd@@@Z 000000014001e48c     libucrt:per_thread_data.obj
 0002:00009494       $unwind$?destroy_ptd_array@@YAXQEAU__acrt_ptd@@@Z 000000014001e494     libucrt:per_thread_data.obj
 0002:0000949c       $unwind$??$?RV<lambda_0ae27a3a962d80f24befdcbee591983d>@@AEAV<lambda_8d0ee55de4b1038c4002e0adecdf1839>@@V<lambda_dc504788e8f1664fe9b84e20bfb512f2>@@@?$__crt_seh_guarded_call@X@@QEAAX$$QEAV<lambda_0ae27a3a962d80f24befdcbee591983d>@@AEAV<lambda_8d0ee55de4b1038c4002e0adecdf1839>@@$$QEAV<lambda_dc504788e8f1664fe9b84e20bfb512f2>@@@Z 000000014001e49c     libucrt:per_thread_data.obj
 0002:000094c0       $unwind$??$?RV<lambda_aa87e3671a710a21b5dc78c0bdf72e11>@@AEAV<lambda_92619d2358a28f41a33ba319515a20b9>@@V<lambda_6992ecaafeb10aed2b74cb1fae11a551>@@@?$__crt_seh_guarded_call@X@@QEAAX$$QEAV<lambda_aa87e3671a710a21b5dc78c0bdf72e11>@@AEAV<lambda_92619d2358a28f41a33ba319515a20b9>@@$$QEAV<lambda_6992ecaafeb10aed2b74cb1fae11a551>@@@Z 000000014001e4c0     libucrt:per_thread_data.obj
 0002:000094e4       $unwind$??$?RV<lambda_f2e299630e499de9f9a165e60fcd3db5>@@AEAV<lambda_2ae9d31cdba2644fcbeaf08da7c24588>@@V<lambda_40d01ff24d0e7b3814fdbdcee8eab3c7>@@@?$__crt_seh_guarded_call@X@@QEAAX$$QEAV<lambda_f2e299630e499de9f9a165e60fcd3db5>@@AEAV<lambda_2ae9d31cdba2644fcbeaf08da7c24588>@@$$QEAV<lambda_40d01ff24d0e7b3814fdbdcee8eab3c7>@@@Z 000000014001e4e4     libucrt:per_thread_data.obj
 0002:00009508       $unwind$??$?RV<lambda_2d41944a1d46af3157314b8a01080d33>@@AEAV<lambda_8f455de75cd7d7f24b4096f044d8b9e6>@@V<lambda_aa500f224e6afead328df44964fe2772>@@@?$__crt_seh_guarded_call@X@@QEAAX$$QEAV<lambda_2d41944a1d46af3157314b8a01080d33>@@AEAV<lambda_8f455de75cd7d7f24b4096f044d8b9e6>@@$$QEAV<lambda_aa500f224e6afead328df44964fe2772>@@@Z 000000014001e508     libucrt:per_thread_data.obj
 0002:0000952c       $unwind$__acrt_fp_format   000000014001e52c     libucrt:cvt.obj
 0002:00009544       $unwind$?fp_format_e_internal@@YAHQEAD_KH_NIQEAU_strflt@@2QEAU__crt_locale_pointers@@@Z 000000014001e544     libucrt:cvt.obj
 0002:0000955c       $unwind$?fp_format_a@@YAHQEBNPEAD_KQEAD2H_NIQEAU__crt_locale_pointers@@W4__acrt_rounding_mode@@@Z 000000014001e55c     libucrt:cvt.obj
 0002:00009578       $unwind$__dcrt_get_narrow_environment_from_os 000000014001e578     libucrt:get_environment_from_os.obj
 0002:00009578       $unwind$?fp_format_f_internal@@YAHQEAD_KHQEAU_strflt@@_NQEAU__crt_locale_pointers@@@Z 000000014001e578     libucrt:cvt.obj
 0002:00009578       $unwind$??$__acrt_wcs_to_mbs_cp@U__crt_win32_buffer_internal_dynamic_resizing@@@@YAHQEB_WAEAV?$__crt_win32_buffer@DU__crt_win32_buffer_internal_dynamic_resizing@@@@I@Z 000000014001e578     libucrt:argv_wildcards.obj
 0002:00009590       $unwind$?fp_format_g@@YAHQEBNQEAD_K12H_NIW4__acrt_rounding_mode@@QEAU__crt_locale_pointers@@@Z 000000014001e590     libucrt:cvt.obj
 0002:000095a4       $unwind$__acrt_initialize_lowio 000000014001e5a4     libucrt:ioinit.obj
 0002:000095c4       $unwind$?initialize_inherited_file_handles_nolock@@YAXXZ 000000014001e5c4     libucrt:ioinit.obj
 0002:000095e0       $unwind$__acrt_initialize_fma3 000000014001e5e0     libucrt:fma3_available.obj
 0002:000095e8       $xdatasym                  000000014001e5e8     libucrt:remainder_piby2f_forc.obj
 0002:000095f8       $unwind$_sincosf_special   000000014001e5f8     libucrt:sincos_special.obj
 0002:00009600       $unwind$??$__acrt_mbs_to_wcs_cp@U__crt_win32_buffer_internal_dynamic_resizing@@@@YAHQEBDAEAV?$__crt_win32_buffer@_WU__crt_win32_buffer_internal_dynamic_resizing@@@@I@Z 000000014001e600     libucrt:argv_wildcards.obj
 0002:00009618       $unwind$??$common_expand_argv_wildcards@D@@YAHQEAPEADQEAPEAPEAD@Z 000000014001e618     libucrt:argv_wildcards.obj
 0002:00009630       $unwind$??$copy_and_add_argument_to_buffer@D@@YAHQEBD0_KAEAV?$argument_list@D@?A0x5f5c8891@@@Z 000000014001e630     libucrt:argv_wildcards.obj
 0002:0000964c       $unwind$??$expand_argument_wildcards@D@@YAHQEAD0AEAV?$argument_list@D@?A0x5f5c8891@@@Z 000000014001e64c     libucrt:argv_wildcards.obj
 0002:00009670       $unwind$__acrt_GetModuleFileNameA 000000014001e670     libucrt:getmodulefilenamea.obj
 0002:0000968c       $unwind$__dcrt_write_console 000000014001e68c     libucrt:initcon.obj
 0002:0000968c       $unwind$??$__acrt_wcs_to_mbs_cp@U__crt_win32_buffer_no_resizing@@@@YAHQEB_WAEAV?$__crt_win32_buffer@DU__crt_win32_buffer_no_resizing@@@@I@Z 000000014001e68c     libucrt:getmodulefilenamea.obj
 0002:000096a0       $unwind$_setmbcp_nolock    000000014001e6a0     libucrt:mbctype.obj
 0002:000096c0       $unwind$__dcrt_lowio_ensure_console_output_initialized 000000014001e6c0     libucrt:initcon.obj
 0002:000096c0       $unwind$_isleadbyte_l      000000014001e6c0     libucrt:_wctype.obj
 0002:000096c0       $unwind$?getSystemCP@@YAHH@Z 000000014001e6c0     libucrt:mbctype.obj
 0002:000096c8       $unwind$?update_thread_multibyte_data_internal@@YAPEAU__crt_multibyte_data@@QEAU__acrt_ptd@@QEAPEAU1@@Z 000000014001e6c8     libucrt:mbctype.obj
 0002:000096f0       $unwind$?setmbcp_internal@@YAHH_NQEAU__acrt_ptd@@QEAPEAU__crt_multibyte_data@@@Z 000000014001e6f0     libucrt:mbctype.obj
 0002:00009700       $unwind$?setSBUpLow@@YAXPEAU__crt_multibyte_data@@@Z 000000014001e700     libucrt:mbctype.obj
 0002:0000971c       $unwind$??$?RV<lambda_efdfa57d1f175319df784efa44bb7b81>@@AEAV<lambda_5f0a4c1567f8adc6734073e5d1e1b35c>@@V<lambda_2e8a7d3640ea6ccb4c2413664c2db6fd>@@@?$__crt_seh_guarded_call@X@@QEAAX$$QEAV<lambda_efdfa57d1f175319df784efa44bb7b81>@@AEAV<lambda_5f0a4c1567f8adc6734073e5d1e1b35c>@@$$QEAV<lambda_2e8a7d3640ea6ccb4c2413664c2db6fd>@@@Z 000000014001e71c     libucrt:mbctype.obj
 0002:00009740       $unwind$?x_ismbbtype_l@@YAHPEAU__crt_locale_pointers@@IHH@Z 000000014001e740     libucrt:ismbbyte.obj
 0002:00009750       $unwind$__acrt_WideCharToMultiByte 000000014001e750     libucrt:widechartomultibyte.obj
 0002:0000975c       $unwind$__acrt_lowio_destroy_handle_array 000000014001e75c     libucrt:osfinfo.obj
 0002:0000976c       $unwind$__acrt_lowio_ensure_fh_exists 000000014001e76c     libucrt:osfinfo.obj
 0002:00009798       $unwind$__acrt_locale_free_monetary 000000014001e798     libucrt:initmon.obj
 0002:000097a0       $unwind$__acrt_locale_free_time 000000014001e7a0     libucrt:inittime.obj
 0002:000097b0       $unwind$__acrt_GetStringTypeA 000000014001e7b0     libucrt:getstringtypea.obj
 0002:000097d8       $unwind$__acrt_update_thread_locale_data 000000014001e7d8     libucrt:locale_refcounting.obj
 0002:000097fc       $unwind$__acrt_initialize_winapi_thunks 000000014001e7fc     libucrt:winapi_thunks.obj
 0002:00009804       $unwind$_query_new_handler 000000014001e804     libucrt:new_handler.obj
 0002:00009824       $unwind$raise              000000014001e824     libucrt:signal.obj
 0002:00009860       $unwind$??$?RV<lambda_450d765d439847d4c735a33c368b5fc0>@@AEAV<lambda_44731a7d0e6d81c3e6aa82d741081786>@@V<lambda_601a2a7da3b7a96e9554ac7215c4b07c>@@@?$__crt_seh_guarded_call@P6AXH@Z@@QEAAP6AXH@Z$$QEAV<lambda_450d765d439847d4c735a33c368b5fc0>@@AEAV<lambda_44731a7d0e6d81c3e6aa82d741081786>@@$$QEAV<lambda_601a2a7da3b7a96e9554ac7215c4b07c>@@@Z 000000014001e860     libucrt:signal.obj
 0002:00009884       $unwind$?common_flush_all@@YAH_N@Z 000000014001e884     libucrt:fflush.obj
 0002:0000988c       $unwind$??$?RV<lambda_842d9ff0dc9ef11c61343bbaebe7f885>@@AEAV<lambda_c5860995281e5c4ce005b3de8f5874ee>@@V<lambda_d90129c13df834fdcbf8d2b88dafcf2d>@@@?$__crt_seh_guarded_call@X@@QEAAX$$QEAV<lambda_842d9ff0dc9ef11c61343bbaebe7f885>@@AEAV<lambda_c5860995281e5c4ce005b3de8f5874ee>@@$$QEAV<lambda_d90129c13df834fdcbf8d2b88dafcf2d>@@@Z 000000014001e88c     libucrt:fflush.obj
 0002:000098b0       $unwind$??$?RV<lambda_886d6c58226a84441f68b9f2b8217b83>@@AEAV<lambda_ab61a845afdef5b7c387490eaf3616ee>@@V<lambda_f7f22ab5edc0698d5f6905b0d3f44752>@@@?$__crt_seh_guarded_call@X@@QEAAX$$QEAV<lambda_886d6c58226a84441f68b9f2b8217b83>@@AEAV<lambda_ab61a845afdef5b7c387490eaf3616ee>@@$$QEAV<lambda_f7f22ab5edc0698d5f6905b0d3f44752>@@@Z 000000014001e8b0     libucrt:fflush.obj
 0002:000098d8       $unwind$_isctype_l         000000014001e8d8     libucrt:isctype.obj
 0002:000098f4       $unwind$?__mbsrtowcs_utf8@__crt_mbstring@@YA_KPEA_WPEAPEBD_KPEAU_Mbstatet@@@Z 000000014001e8f4     libucrt:mbrtowc.obj
 0002:0000990c       $unwind$__acrt_fltout      000000014001e90c     libucrt:cfout.obj
 0002:0000992c       $unwind$?divide@__crt_strtox@@YA_KAEAUbig_integer@1@AEBU21@@Z 000000014001e92c     libucrt:cfout.obj
 0002:00009944       $chain$0$?divide@__crt_strtox@@YA_KAEAUbig_integer@1@AEBU21@@Z 000000014001e944     libucrt:cfout.obj
 0002:00009958       $chain$1$?divide@__crt_strtox@@YA_KAEAUbig_integer@1@AEBU21@@Z 000000014001e958     libucrt:cfout.obj
 0002:00009968       $unwind$_fcloseall         000000014001e968     libucrt:closeall.obj
 0002:0000998c       $unwind$_call_matherr      000000014001e98c     libucrt:libm_error.obj
 0002:00009994       $unwind$_handle_error      000000014001e994     libucrt:libm_error.obj
 0002:00009994       $unwind$_handle_errorf     000000014001e994     libucrt:libm_error.obj
 0002:000099b4       $unwind$qsort              000000014001e9b4     libucrt:qsort.obj
 0002:000099cc       $chain$4$qsort             000000014001e9cc     libucrt:qsort.obj
 0002:000099f0       $chain$5$qsort             000000014001e9f0     libucrt:qsort.obj
 0002:00009a00       $unwind$strpbrk            000000014001ea00     libucrt:strpbrk.obj
 0002:00009a10       $unwind$fallbackMethod     000000014001ea10     libucrt:strpbrk.obj
 0002:00009a20       $unwind$_mbsdec_l          000000014001ea20     libucrt:mbsdec.obj
 0002:00009a2c       $unwind$__acrt_LCMapStringA 000000014001ea2c     libucrt:lcmapstringa.obj
 0002:00009a3c       $unwind$?__acrt_LCMapStringA_stat@@YAHPEAU__crt_locale_pointers@@PEB_WKPEBDHPEADHHH@Z 000000014001ea3c     libucrt:lcmapstringa.obj
 0002:00009a64       $unwind$_close             000000014001ea64     libucrt:close.obj
 0002:00009a64       $unwind$_commit            000000014001ea64     libucrt:commit.obj
 0002:00009a6c       $unwind$??$?RV<lambda_a37b2b86f63e897a80ea819b0eb08c01>@@AEAV<lambda_38ce7e780aa69e748d6df282ebc68efe>@@V<lambda_99fb1378e971ab6e7edea83e3a7a83a2>@@@?$__crt_seh_guarded_call@H@@QEAAH$$QEAV<lambda_a37b2b86f63e897a80ea819b0eb08c01>@@AEAV<lambda_38ce7e780aa69e748d6df282ebc68efe>@@$$QEAV<lambda_99fb1378e971ab6e7edea83e3a7a83a2>@@@Z 000000014001ea6c     libucrt:commit.obj
 0002:00009a90       $unwind$_write             000000014001ea90     libucrt:write.obj
 0002:00009ac0       $unwind$_write_nolock      000000014001eac0     libucrt:write.obj
 0002:00009ad8       $unwind$?write_double_translated_ansi_nolock@@YA?AUwrite_result@?A0x17268360@@HQEBDI@Z 000000014001ead8     libucrt:write.obj
 0002:00009afc       $unwind$?write_text_ansi_nolock@@YA?AUwrite_result@?A0x17268360@@HQEBDI@Z 000000014001eafc     libucrt:write.obj
 0002:00009afc       $unwind$?write_text_utf16le_nolock@@YA?AUwrite_result@?A0x17268360@@HQEBDI@Z 000000014001eafc     libucrt:write.obj
 0002:00009b1c       $unwind$?write_text_utf8_nolock@@YA?AUwrite_result@?A0x17268360@@HQEBDI@Z 000000014001eb1c     libucrt:write.obj
 0002:00009b40       $unwind$?__mbrtoc32_utf8@__crt_mbstring@@YA_KPEA_UPEBD_KPEAU_Mbstatet@@@Z 000000014001eb40     libucrt:mbrtoc32.obj
 0002:00009b60       $xdatasym                  000000014001eb60     libucrt:log10.obj
 0002:00009b6c       $unwind$__acrt_fenv_set_control 000000014001eb6c     libucrt:_fenvutils.obj
 0002:00009b7c       $unwind$fclose             000000014001eb7c     libucrt:fclose.obj
 0002:00009ba0       $unwind$_raise_exc         000000014001eba0     libucrt:fpexcept.obj
 0002:00009ba0       $unwind$_raise_excf        000000014001eba0     libucrt:fpexcept.obj
 0002:00009ba8       $unwind$_raise_exc_ex      000000014001eba8     libucrt:fpexcept.obj
 0002:00009bbc       $unwind$_ctrlfp            000000014001ebbc     libucrt:fpctrl.obj
 0002:00009be4       $unwind$_putwch_nolock     000000014001ebe4     libucrt:putwch.obj
 0002:00009bec       $unwind$common_control87   000000014001ebec     libucrt:ieee.obj
 0002:00009c18       $unwind$_log_special_common 000000014001ec18     libucrt:log_special.obj
 0002:00009c24       $unwind$??$?RV<lambda_751a882b2c74d4b022dec766aa51a29a>@@AEAV<lambda_628dfdc04ba53c8bfc02c9951375f3f5>@@V<lambda_f6c7be5f7998530c34de24c7437d6b54>@@@?$__crt_seh_guarded_call@H@@QEAAH$$QEAV<lambda_751a882b2c74d4b022dec766aa51a29a>@@AEAV<lambda_628dfdc04ba53c8bfc02c9951375f3f5>@@$$QEAV<lambda_f6c7be5f7998530c34de24c7437d6b54>@@@Z 000000014001ec24     libucrt:close.obj
 0002:00009c48       $xdatasym                  000000014001ec48     libucrt:fpsr.obj
 0002:00009c50       $unwind$_IsNonwritableInCurrentImage 000000014001ec50     LIBCMT:pesect.obj
 0002:00009c78       $xdatasym                  000000014001ec78     LIBCMT:chkstk.obj
 0002:00009c80       $xdatasym                  000000014001ec80     libvcruntime:memcmp.obj
 0002:0000a060       .idata$6                   000000014001f060     user32:USER32.dll
 0002:0000a07c       .idata$6                   000000014001f07c     Gdi32:GDI32.dll
 0002:0000a098       .idata$6                   000000014001f098     Winmm:WINMM.dll
 0002:0000a2d0       .idata$6                   000000014001f2d0     kernel32:KERNEL32.dll
 0003:00000000       ?XInputGetState_@@3P6AKKPEAU_XINPUT_STATE@@@ZEA 0000000140020000     win32_handmade.obj
 0003:00000008       ?XInputSetState_@@3P6AKKPEAU_XINPUT_VIBRATION@@@ZEA 0000000140020008     win32_handmade.obj
 0003:00000050       ?__vcrt_flsindex@@3KA      0000000140020050     libvcruntime:per_thread_data.obj
 0003:00000070       ?errno_no_memory@@3HA      0000000140020070     libucrt:errno.obj
 0003:00000074       ?doserrno_no_memory@@3KA   0000000140020074     libucrt:errno.obj
 0003:00000078       ?__acrt_flsindex@@3KA      0000000140020078     libucrt:per_thread_data.obj
 0003:00000530       _mbctypes                  0000000140020530     libucrt:mbctype.obj
 0003:00000640       _mbcasemaps                0000000140020640     libucrt:mbctype.obj
 0003:00000740       ?__rgctypeflag@@3PADA      0000000140020740     libucrt:mbctype.obj
 0003:00000750       ?__rgcode_page_info@@3PAUcode_page_info@@A 0000000140020750     libucrt:mbctype.obj
 0003:000008f0       ?dazSupported@?1??_ctrlfp@@9@9 00000001400208f0     libucrt:fpctrl.obj
 0003:00000a00       ?dazSupported@?1??common_control87@@9@9 0000000140020a00     libucrt:ieee.obj
 0003:00000a10       ?__dcrt_lowio_console_output_handle@@3PEAXEA 0000000140020a10     libucrt:initcon.obj
 0003:00000a28       ?tSine@?1??GameOutputSound@@YAXPEAUgame_sound_output_buffer@@H@Z@4MA 0000000140020a28     win32_handmade.obj
 0003:00000a30       ?GlobalRunning@@3_NA       0000000140020a30     win32_handmade.obj
 0003:00000a40       ?GlobalBackbuffer@@3Uwin32_offscreen_buffer@@A 0000000140020a40     win32_handmade.obj
 0003:00000a88       ?GlobalSecondaryBuffer@@3PEAUIDirectSoundBuffer@@EA 0000000140020a88     win32_handmade.obj
 0003:00000a90       ?GlobalPerfCountFrequency@@3_JA 0000000140020a90     win32_handmade.obj
 0003:00000aa0       GS_ExceptionRecord         0000000140020aa0     LIBCMT:gs_report.obj
 0003:00000b40       GS_ContextRecord           0000000140020b40     LIBCMT:gs_report.obj
 0003:00001020       ?is_initialized_as_dll@@3_NA 0000000140021020     LIBCMT:utility.obj
 0003:00001021       ?module_local_atexit_table_initialized@@3_NA 0000000140021021     LIBCMT:utility.obj
 0003:00001028       ?module_local_atexit_table@@3U_onexit_table_t@@A 0000000140021028     LIBCMT:utility.obj
 0003:00001040       ?module_local_at_quick_exit_table@@3U_onexit_table_t@@A 0000000140021040     LIBCMT:utility.obj
 0003:00001090       ?__vcrt_startup_thread_ptd@@3U__vcrt_ptd@@A 0000000140021090     libvcruntime:per_thread_data.obj
 0003:00001110       __vcrt_lock_table          0000000140021110     libvcruntime:locks.obj
 0003:00001138       __vcrt_locks_initialized   0000000140021138     libvcruntime:locks.obj
 0003:00001180       ?heap@@3V_HeapManager@@A   0000000140021180     libvcruntime:undname.obj
 0003:000011a8       ?module_handles@@3PAPEAUHINSTANCE__@@A 00000001400211a8     libvcruntime:winapi_downlevel.obj
 0003:000011c0       ?function_pointers@@3PAPEAXA 00000001400211c0     libvcruntime:winapi_downlevel.obj
 0003:000011f0       ?__acrt_app_type@@3W4_crt_app_type@@A 00000001400211f0     libucrt:report_runtime_error.obj
 0003:000011f8       ?user_matherr@@3V?$dual_state_global@P6AHPEAU_exception@@@Z@__crt_state_management@@A 00000001400211f8     libucrt:matherr.obj
 0003:00001200       ?program_name@?1???$common_configure_argv@D@@YAHW4_crt_argv_mode@@@Z@4PADA 0000000140021200     libucrt:argv_parsing.obj
 0003:00001328       ?empty_string@?1???$common_wincmdln@E@@YAPEAEXZ@4PAEA 0000000140021328     libucrt:argv_winmain.obj
 0003:0000132c       ?c_termination_complete@@3JA 000000014002132c     libucrt:exit.obj
 0003:00001330       ?thread_local_exit_callback_func@@3P6AXPEAXK0@ZEA 0000000140021330     libucrt:exit.obj
 0003:00001340       ?__acrt_global_new_mode@@3V?$dual_state_global@J@__crt_state_management@@A 0000000140021340     libucrt:new_mode.obj
 0003:00001378       ?__acrt_invalid_parameter_handler@@3V?$dual_state_global@P6AXPEB_W00I_K@Z@__crt_state_management@@A 0000000140021378     libucrt:invalid_parameter.obj
 0003:00001380       ?internal_state@?1??_mbtowc_l@@9@4U_Mbstatet@@A 0000000140021380     libucrt:mbtowc.obj
 0003:00001398       ?enable_percent_n@@3_KA    0000000140021398     libucrt:printf_count_output.obj
 0003:000017e8       ?fSystemSet@@3HA           00000001400217e8     libucrt:mbctype.obj
 0003:000017ec       ?initialized@?1??__acrt_initialize_multibyte@@9@4_NA 00000001400217ec     libucrt:mbctype.obj
 0003:00001820       ?__acrt_lock_table@@3PAU_RTL_CRITICAL_SECTION@@A 0000000140021820     libucrt:locks.obj
 0003:00001a50       ?__acrt_locks_initialized@@3IA 0000000140021a50     libucrt:locks.obj
 0003:00001a60       ?module_handles@@3PAPEAUHINSTANCE__@@A 0000000140021a60     libucrt:winapi_thunks.obj
 0003:00001b00       ?encoded_function_pointers@@3PAPEAXA 0000000140021b00     libucrt:winapi_thunks.obj
 0003:00001c20       ?__acrt_new_handler@@3V?$dual_state_global@P6AH_K@Z@__crt_state_management@@A 0000000140021c20     libucrt:new_handler.obj
 0003:00001c28       ?ctrlc_action@@3V?$dual_state_global@P6AXH@Z@__crt_state_management@@A 0000000140021c28     libucrt:signal.obj
 0003:00001c30       ?ctrlbreak_action@@3V?$dual_state_global@P6AXH@Z@__crt_state_management@@A 0000000140021c30     libucrt:signal.obj
 0003:00001c38       ?abort_action@@3V?$dual_state_global@P6AXH@Z@__crt_state_management@@A 0000000140021c38     libucrt:signal.obj
 0003:00001c40       ?term_action@@3V?$dual_state_global@P6AXH@Z@__crt_state_management@@A 0000000140021c40     libucrt:signal.obj
 0003:00001c48       ?internal_pst@?1??__mbrtoc32_utf8@__crt_mbstring@@YA_KPEA_UPEBD_KPEAU_Mbstatet@@@Z@4U3@A 0000000140021c48     libucrt:mbrtoc32.obj
 0005:00000000       MsetTab                    0000000140024000     libvcruntime:memset.obj
 0005:00000050       MoveSmall                  0000000140024050     libvcruntime:memcpy.obj
 0005:00000090       MoveSmallYmm               0000000140024090     libvcruntime:memcpy.obj
 0005:000000b4       MoveSmallYmmNT             00000001400240b4     libvcruntime:memcpy.obj
 0005:000000d8       MoveSmallXmm               00000001400240d8     libvcruntime:memcpy.obj
